[2024-08-31T22:30:20.206+0200][0.009s] Using G1
[2024-08-31T22:30:20.206+0200][0.011s] Version: 17.0.5+9-LTS-191 (release)
[2024-08-31T22:30:20.206+0200][0.011s] CPUs: 8 total, 8 available
[2024-08-31T22:30:20.206+0200][0.011s] Memory: 7991M
[2024-08-31T22:30:20.206+0200][0.011s] Large Page Support: Disabled
[2024-08-31T22:30:20.206+0200][0.011s] NUMA Support: Disabled
[2024-08-31T22:30:20.206+0200][0.011s] Compressed Oops: Enabled (32-bit)
[2024-08-31T22:30:20.206+0200][0.011s] Heap Region Size: 1M
[2024-08-31T22:30:20.206+0200][0.011s] Heap Min Capacity: 8M
[2024-08-31T22:30:20.206+0200][0.011s] Heap Initial Capacity: 126M
[2024-08-31T22:30:20.206+0200][0.011s] Heap Max Capacity: 1998M
[2024-08-31T22:30:20.206+0200][0.011s] Pre-touch: Disabled
[2024-08-31T22:30:20.206+0200][0.011s] Parallel Workers: 8
[2024-08-31T22:30:20.206+0200][0.011s] Concurrent Workers: 2
[2024-08-31T22:30:20.206+0200][0.011s] Concurrent Refinement Workers: 8
[2024-08-31T22:30:20.206+0200][0.011s] Periodic GC: Disabled
[2024-08-31T22:30:20.206+0200][0.012s] CDS archive(s) mapped at: [0x0000000800000000-0x0000000800bd0000-0x0000000800bd0000), size 12386304, SharedBaseAddress: 0x0000000800000000, ArchiveRelocationMode: 0.
[2024-08-31T22:30:20.206+0200][0.012s] Compressed class space mapped at: 0x0000000800c00000-0x0000000840c00000, reserved size: 1073741824
[2024-08-31T22:30:20.206+0200][0.012s] Narrow klass base: 0x0000000800000000, Narrow klass shift: 0, Narrow klass range: 0x100000000
[2024-08-31T22:30:20.746+0200][0.543s] GC(0) Pause Young (Normal) (G1 Evacuation Pause)
[2024-08-31T22:30:20.746+0200][0.543s] GC(0) Using 4 workers of 8 for evacuation
[2024-08-31T22:30:20.746+0200][0.547s] GC(0)   Pre Evacuate Collection Set: 0.1ms
[2024-08-31T22:30:20.746+0200][0.547s] GC(0)   Merge Heap Roots: 0.1ms
[2024-08-31T22:30:20.746+0200][0.547s] GC(0)   Evacuate Collection Set: 3.0ms
[2024-08-31T22:30:20.746+0200][0.547s] GC(0)   Post Evacuate Collection Set: 0.4ms
[2024-08-31T22:30:20.746+0200][0.547s] GC(0)   Other: 0.4ms
[2024-08-31T22:30:20.746+0200][0.547s] GC(0) Eden regions: 23->0(32)
[2024-08-31T22:30:20.746+0200][0.547s] GC(0) Survivor regions: 0->3(3)
[2024-08-31T22:30:20.746+0200][0.547s] GC(0) Old regions: 0->1
[2024-08-31T22:30:20.746+0200][0.547s] GC(0) Archive regions: 0->0
[2024-08-31T22:30:20.746+0200][0.547s] GC(0) Humongous regions: 25->25
[2024-08-31T22:30:20.746+0200][0.547s] GC(0) Metaspace: 5026K(5120K)->5026K(5120K) NonClass: 4542K(4608K)->4542K(4608K) Class: 483K(512K)->483K(512K)
[2024-08-31T22:30:20.746+0200][0.547s] GC(0) Pause Young (Normal) (G1 Evacuation Pause) 48M->28M(126M) 4.071ms
[2024-08-31T22:30:20.746+0200][0.547s] GC(0) User=0.00s Sys=0.00s Real=0.00s
[2024-08-31T22:30:21.146+0200][0.944s] GC(1) Pause Young (Normal) (G1 Evacuation Pause)
[2024-08-31T22:30:21.146+0200][0.944s] GC(1) Using 4 workers of 8 for evacuation
[2024-08-31T22:30:21.146+0200][0.946s] GC(1)   Pre Evacuate Collection Set: 0.1ms
[2024-08-31T22:30:21.146+0200][0.946s] GC(1)   Merge Heap Roots: 0.1ms
[2024-08-31T22:30:21.146+0200][0.946s] GC(1)   Evacuate Collection Set: 1.9ms
[2024-08-31T22:30:21.146+0200][0.946s] GC(1)   Post Evacuate Collection Set: 0.2ms
[2024-08-31T22:30:21.146+0200][0.946s] GC(1)   Other: 0.1ms
[2024-08-31T22:30:21.146+0200][0.946s] GC(1) Eden regions: 32->0(36)
[2024-08-31T22:30:21.146+0200][0.946s] GC(1) Survivor regions: 3->4(5)
[2024-08-31T22:30:21.146+0200][0.946s] GC(1) Old regions: 1->4
[2024-08-31T22:30:21.146+0200][0.946s] GC(1) Archive regions: 0->0
[2024-08-31T22:30:21.146+0200][0.946s] GC(1) Humongous regions: 53->53
[2024-08-31T22:30:21.146+0200][0.946s] GC(1) Metaspace: 5497K(5696K)->5497K(5696K) NonClass: 4975K(5056K)->4975K(5056K) Class: 522K(640K)->522K(640K)
[2024-08-31T22:30:21.146+0200][0.946s] GC(1) Pause Young (Normal) (G1 Evacuation Pause) 88M->60M(126M) 2.538ms
[2024-08-31T22:30:21.146+0200][0.946s] GC(1) User=0.00s Sys=0.00s Real=0.00s
[2024-08-31T22:30:21.207+0200][1.010s] GC(2) Pause Young (Concurrent Start) (G1 Humongous Allocation)
[2024-08-31T22:30:21.214+0200][1.010s] GC(2) Using 4 workers of 8 for evacuation
[2024-08-31T22:30:21.215+0200][1.012s] GC(2)   Pre Evacuate Collection Set: 0.1ms
[2024-08-31T22:30:21.215+0200][1.012s] GC(2)   Merge Heap Roots: 0.1ms
[2024-08-31T22:30:21.215+0200][1.012s] GC(2)   Evacuate Collection Set: 1.0ms
[2024-08-31T22:30:21.215+0200][1.012s] GC(2)   Post Evacuate Collection Set: 0.2ms
[2024-08-31T22:30:21.215+0200][1.012s] GC(2)   Other: 0.3ms
[2024-08-31T22:30:21.215+0200][1.012s] GC(2) Eden regions: 5->0(41)
[2024-08-31T22:30:21.215+0200][1.012s] GC(2) Survivor regions: 4->1(5)
[2024-08-31T22:30:21.215+0200][1.012s] GC(2) Old regions: 4->7
[2024-08-31T22:30:21.215+0200][1.012s] GC(2) Archive regions: 0->0
[2024-08-31T22:30:21.215+0200][1.012s] GC(2) Humongous regions: 53->53
[2024-08-31T22:30:21.215+0200][1.012s] GC(2) Metaspace: 5666K(5824K)->5666K(5824K) NonClass: 5125K(5184K)->5125K(5184K) Class: 540K(640K)->540K(640K)
[2024-08-31T22:30:21.215+0200][1.012s] GC(2) Pause Young (Concurrent Start) (G1 Humongous Allocation) 65M->60M(126M) 1.717ms
[2024-08-31T22:30:21.215+0200][1.012s] GC(2) User=0.00s Sys=0.00s Real=0.01s
[2024-08-31T22:30:21.215+0200][1.012s] GC(3) Concurrent Mark Cycle
[2024-08-31T22:30:21.215+0200][1.012s] GC(3) Concurrent Clear Claimed Marks
[2024-08-31T22:30:21.215+0200][1.012s] GC(3) Concurrent Clear Claimed Marks 0.017ms
[2024-08-31T22:30:21.215+0200][1.012s] GC(3) Concurrent Scan Root Regions
[2024-08-31T22:30:21.215+0200][1.012s] GC(3) Concurrent Scan Root Regions 0.384ms
[2024-08-31T22:30:21.215+0200][1.012s] GC(3) Concurrent Mark
[2024-08-31T22:30:21.215+0200][1.012s] GC(3) Concurrent Mark From Roots
[2024-08-31T22:30:21.215+0200][1.012s] GC(3) Using 2 workers of 2 for marking
[2024-08-31T22:30:21.216+0200][1.014s] GC(3) Concurrent Mark From Roots 1.684ms
[2024-08-31T22:30:21.216+0200][1.014s] GC(3) Concurrent Preclean
[2024-08-31T22:30:21.216+0200][1.014s] GC(3) Concurrent Preclean 0.060ms
[2024-08-31T22:30:21.216+0200][1.014s] GC(3) Pause Remark
[2024-08-31T22:30:21.216+0200][1.015s] GC(3) Pause Remark 64M->64M(126M) 0.724ms
[2024-08-31T22:30:21.216+0200][1.015s] GC(3) User=0.00s Sys=0.00s Real=0.00s
[2024-08-31T22:30:21.216+0200][1.015s] GC(3) Concurrent Mark 2.714ms
[2024-08-31T22:30:21.216+0200][1.015s] GC(3) Concurrent Rebuild Remembered Sets
[2024-08-31T22:30:21.216+0200][1.016s] GC(3) Concurrent Rebuild Remembered Sets 0.862ms
[2024-08-31T22:30:21.216+0200][1.016s] GC(3) Pause Cleanup
[2024-08-31T22:30:21.216+0200][1.016s] GC(3) Pause Cleanup 64M->64M(126M) 0.086ms
[2024-08-31T22:30:21.216+0200][1.016s] GC(3) User=0.00s Sys=0.00s Real=0.00s
[2024-08-31T22:30:21.216+0200][1.016s] GC(3) Concurrent Cleanup for Next Mark
[2024-08-31T22:30:21.216+0200][1.017s] GC(3) Concurrent Cleanup for Next Mark 0.557ms
[2024-08-31T22:30:21.216+0200][1.017s] GC(3) Concurrent Mark Cycle 4.912ms
[2024-08-31T22:30:21.552+0200][1.348s] GC(4) Pause Young (Prepare Mixed) (G1 Preventive Collection)
[2024-08-31T22:30:21.552+0200][1.348s] GC(4) Using 3 workers of 8 for evacuation
[2024-08-31T22:30:21.554+0200][1.351s] GC(4)   Pre Evacuate Collection Set: 0.0ms
[2024-08-31T22:30:21.554+0200][1.351s] GC(4)   Merge Heap Roots: 0.1ms
[2024-08-31T22:30:21.554+0200][1.351s] GC(4)   Evacuate Collection Set: 1.7ms
[2024-08-31T22:30:21.554+0200][1.351s] GC(4)   Post Evacuate Collection Set: 0.3ms
[2024-08-31T22:30:21.554+0200][1.351s] GC(4)   Other: 0.1ms
[2024-08-31T22:30:21.554+0200][1.351s] GC(4) Eden regions: 37->0(3)
[2024-08-31T22:30:21.554+0200][1.351s] GC(4) Survivor regions: 1->3(6)
[2024-08-31T22:30:21.554+0200][1.351s] GC(4) Old regions: 7->7
[2024-08-31T22:30:21.554+0200][1.351s] GC(4) Archive regions: 0->0
[2024-08-31T22:30:21.554+0200][1.351s] GC(4) Humongous regions: 75->75
[2024-08-31T22:30:21.554+0200][1.351s] GC(4) Metaspace: 11161K(11328K)->11161K(11328K) NonClass: 9995K(10112K)->9995K(10112K) Class: 1166K(1216K)->1166K(1216K)
[2024-08-31T22:30:21.554+0200][1.351s] GC(4) Pause Young (Prepare Mixed) (G1 Preventive Collection) 119M->83M(126M) 2.444ms
[2024-08-31T22:30:21.554+0200][1.351s] GC(4) User=0.00s Sys=0.00s Real=0.00s
[2024-08-31T22:30:26.446+0200][6.244s] GC(5) Pause Young (Mixed) (G1 Evacuation Pause)
[2024-08-31T22:30:26.446+0200][6.244s] GC(5) Using 8 workers of 8 for evacuation
[2024-08-31T22:30:26.446+0200][6.247s] GC(5)   Pre Evacuate Collection Set: 0.1ms
[2024-08-31T22:30:26.446+0200][6.247s] GC(5)   Merge Heap Roots: 0.1ms
[2024-08-31T22:30:26.446+0200][6.247s] GC(5)   Evacuate Collection Set: 2.1ms
[2024-08-31T22:30:26.446+0200][6.247s] GC(5)   Post Evacuate Collection Set: 0.4ms
[2024-08-31T22:30:26.446+0200][6.247s] GC(5)   Other: 0.1ms
[2024-08-31T22:30:26.446+0200][6.247s] GC(5) Eden regions: 3->0(7)
[2024-08-31T22:30:26.446+0200][6.247s] GC(5) Survivor regions: 3->1(1)
[2024-08-31T22:30:26.446+0200][6.247s] GC(5) Old regions: 7->9
[2024-08-31T22:30:26.446+0200][6.247s] GC(5) Archive regions: 0->0
[2024-08-31T22:30:26.446+0200][6.247s] GC(5) Humongous regions: 93->93
[2024-08-31T22:30:26.446+0200][6.247s] GC(5) Metaspace: 13563K(13760K)->13563K(13760K) NonClass: 12127K(12224K)->12127K(12224K) Class: 1435K(1536K)->1435K(1536K)
[2024-08-31T22:30:26.446+0200][6.248s] GC(5) Pause Young (Mixed) (G1 Evacuation Pause) 104M->101M(126M) 3.102ms
[2024-08-31T22:30:26.446+0200][6.248s] GC(5) User=0.00s Sys=0.00s Real=0.00s
[2024-08-31T22:30:32.478+0200][12.279s] GC(6) Pause Young (Concurrent Start) (G1 Evacuation Pause)
[2024-08-31T22:30:32.478+0200][12.279s] GC(6) Using 8 workers of 8 for evacuation
[2024-08-31T22:30:32.478+0200][12.280s] GC(6)   Pre Evacuate Collection Set: 0.1ms
[2024-08-31T22:30:32.478+0200][12.280s] GC(6)   Merge Heap Roots: 0.0ms
[2024-08-31T22:30:32.478+0200][12.280s] GC(6)   Evacuate Collection Set: 0.6ms
[2024-08-31T22:30:32.478+0200][12.280s] GC(6)   Post Evacuate Collection Set: 0.4ms
[2024-08-31T22:30:32.478+0200][12.280s] GC(6)   Other: 0.1ms
[2024-08-31T22:30:32.478+0200][12.280s] GC(6) Eden regions: 7->0(6)
[2024-08-31T22:30:32.478+0200][12.280s] GC(6) Survivor regions: 1->1(1)
[2024-08-31T22:30:32.478+0200][12.280s] GC(6) Old regions: 9->10
[2024-08-31T22:30:32.478+0200][12.280s] GC(6) Archive regions: 0->0
[2024-08-31T22:30:32.478+0200][12.280s] GC(6) Humongous regions: 93->93
[2024-08-31T22:30:32.478+0200][12.280s] GC(6) Metaspace: 13907K(14080K)->13907K(14080K) NonClass: 12459K(12544K)->12459K(12544K) Class: 1447K(1536K)->1447K(1536K)
[2024-08-31T22:30:32.478+0200][12.280s] GC(6) Pause Young (Concurrent Start) (G1 Evacuation Pause) 108M->103M(126M) 1.280ms
[2024-08-31T22:30:32.478+0200][12.280s] GC(6) User=0.00s Sys=0.00s Real=0.00s
[2024-08-31T22:30:32.478+0200][12.280s] GC(7) Concurrent Mark Cycle
[2024-08-31T22:30:32.478+0200][12.280s] GC(7) Concurrent Clear Claimed Marks
[2024-08-31T22:30:32.478+0200][12.280s] GC(7) Concurrent Clear Claimed Marks 0.013ms
[2024-08-31T22:30:32.478+0200][12.280s] GC(7) Concurrent Scan Root Regions
[2024-08-31T22:30:32.478+0200][12.280s] GC(7) Concurrent Scan Root Regions 0.354ms
[2024-08-31T22:30:32.478+0200][12.280s] GC(7) Concurrent Mark
[2024-08-31T22:30:32.478+0200][12.280s] GC(7) Concurrent Mark From Roots
[2024-08-31T22:30:32.478+0200][12.280s] GC(7) Using 2 workers of 2 for marking
[2024-08-31T22:30:32.486+0200][12.284s] GC(7) Concurrent Mark From Roots 3.915ms
[2024-08-31T22:30:32.486+0200][12.284s] GC(7) Concurrent Preclean
[2024-08-31T22:30:32.486+0200][12.284s] GC(7) Concurrent Preclean 0.053ms
[2024-08-31T22:30:32.486+0200][12.285s] GC(7) Pause Remark
[2024-08-31T22:30:32.486+0200][12.286s] GC(7) Pause Remark 103M->103M(175M) 1.237ms
[2024-08-31T22:30:32.486+0200][12.286s] GC(7) User=0.00s Sys=0.00s Real=0.00s
[2024-08-31T22:30:32.486+0200][12.286s] GC(7) Concurrent Mark 5.462ms
[2024-08-31T22:30:32.486+0200][12.286s] GC(7) Concurrent Rebuild Remembered Sets
[2024-08-31T22:30:32.491+0200][12.287s] GC(7) Concurrent Rebuild Remembered Sets 1.594ms
[2024-08-31T22:30:32.491+0200][12.288s] GC(7) Pause Cleanup
[2024-08-31T22:30:32.491+0200][12.288s] GC(7) Pause Cleanup 103M->103M(175M) 0.103ms
[2024-08-31T22:30:32.491+0200][12.288s] GC(7) User=0.00s Sys=0.00s Real=0.00s
[2024-08-31T22:30:32.491+0200][12.288s] GC(7) Concurrent Cleanup for Next Mark
[2024-08-31T22:30:32.492+0200][12.288s] GC(7) Concurrent Cleanup for Next Mark 0.661ms
[2024-08-31T22:30:32.492+0200][12.289s] GC(7) Concurrent Mark Cycle 8.588ms
[2024-08-31T22:30:40.310+0200][20.110s] GC(8) Pause Young (Normal) (G1 Evacuation Pause)
[2024-08-31T22:30:40.310+0200][20.110s] GC(8) Using 8 workers of 8 for evacuation
[2024-08-31T22:30:40.310+0200][20.112s] GC(8)   Pre Evacuate Collection Set: 0.2ms
[2024-08-31T22:30:40.310+0200][20.112s] GC(8)   Merge Heap Roots: 0.1ms
[2024-08-31T22:30:40.310+0200][20.112s] GC(8)   Evacuate Collection Set: 0.7ms
[2024-08-31T22:30:40.310+0200][20.112s] GC(8)   Post Evacuate Collection Set: 0.6ms
[2024-08-31T22:30:40.310+0200][20.112s] GC(8)   Other: 0.1ms
[2024-08-31T22:30:40.310+0200][20.112s] GC(8) Eden regions: 7->0(33)
[2024-08-31T22:30:40.310+0200][20.112s] GC(8) Survivor regions: 1->1(1)
[2024-08-31T22:30:40.310+0200][20.112s] GC(8) Old regions: 10->11
[2024-08-31T22:30:40.310+0200][20.112s] GC(8) Archive regions: 0->0
[2024-08-31T22:30:40.310+0200][20.112s] GC(8) Humongous regions: 93->93
[2024-08-31T22:30:40.310+0200][20.112s] GC(8) Metaspace: 14288K(14528K)->14288K(14528K) NonClass: 12807K(12928K)->12807K(12928K) Class: 1480K(1600K)->1480K(1600K)
[2024-08-31T22:30:40.316+0200][20.112s] GC(8) Pause Young (Normal) (G1 Evacuation Pause) 110M->104M(175M) 1.856ms
[2024-08-31T22:30:40.316+0200][20.112s] GC(8) User=0.00s Sys=0.00s Real=0.01s
[2024-08-31T22:30:40.370+0200][20.167s] GC(9) Pause Young (Concurrent Start) (G1 Humongous Allocation)
[2024-08-31T22:30:40.370+0200][20.167s] GC(9) Using 8 workers of 8 for evacuation
[2024-08-31T22:30:40.370+0200][20.168s] GC(9)   Pre Evacuate Collection Set: 0.1ms
[2024-08-31T22:30:40.370+0200][20.168s] GC(9)   Merge Heap Roots: 0.0ms
[2024-08-31T22:30:40.370+0200][20.168s] GC(9)   Evacuate Collection Set: 0.8ms
[2024-08-31T22:30:40.370+0200][20.168s] GC(9)   Post Evacuate Collection Set: 0.2ms
[2024-08-31T22:30:40.370+0200][20.168s] GC(9)   Other: 0.2ms
[2024-08-31T22:30:40.370+0200][20.168s] GC(9) Eden regions: 6->0(29)
[2024-08-31T22:30:40.370+0200][20.168s] GC(9) Survivor regions: 1->4(5)
[2024-08-31T22:30:40.370+0200][20.168s] GC(9) Old regions: 11->11
[2024-08-31T22:30:40.370+0200][20.168s] GC(9) Archive regions: 0->0
[2024-08-31T22:30:40.370+0200][20.168s] GC(9) Humongous regions: 93->93
[2024-08-31T22:30:40.370+0200][20.168s] GC(9) Metaspace: 14585K(14848K)->14585K(14848K) NonClass: 13049K(13184K)->13049K(13184K) Class: 1535K(1664K)->1535K(1664K)
[2024-08-31T22:30:40.370+0200][20.168s] GC(9) Pause Young (Concurrent Start) (G1 Humongous Allocation) 110M->106M(175M) 1.515ms
[2024-08-31T22:30:40.370+0200][20.168s] GC(9) User=0.00s Sys=0.00s Real=0.00s
[2024-08-31T22:30:40.370+0200][20.168s] GC(10) Concurrent Mark Cycle
[2024-08-31T22:30:40.370+0200][20.168s] GC(10) Concurrent Clear Claimed Marks
[2024-08-31T22:30:40.370+0200][20.168s] GC(10) Concurrent Clear Claimed Marks 0.020ms
[2024-08-31T22:30:40.370+0200][20.168s] GC(10) Concurrent Scan Root Regions
[2024-08-31T22:30:40.370+0200][20.169s] GC(10) Concurrent Scan Root Regions 0.248ms
[2024-08-31T22:30:40.370+0200][20.169s] GC(10) Concurrent Mark
[2024-08-31T22:30:40.370+0200][20.169s] GC(10) Concurrent Mark From Roots
[2024-08-31T22:30:40.370+0200][20.169s] GC(10) Using 2 workers of 2 for marking
[2024-08-31T22:30:40.376+0200][20.173s] GC(10) Concurrent Mark From Roots 4.501ms
[2024-08-31T22:30:40.376+0200][20.173s] GC(10) Concurrent Preclean
[2024-08-31T22:30:40.376+0200][20.173s] GC(10) Concurrent Preclean 0.078ms
[2024-08-31T22:30:40.376+0200][20.173s] GC(10) Pause Remark
[2024-08-31T22:30:40.376+0200][20.174s] GC(10) Pause Remark 111M->111M(189M) 0.953ms
[2024-08-31T22:30:40.376+0200][20.174s] GC(10) User=0.00s Sys=0.00s Real=0.00s
[2024-08-31T22:30:40.376+0200][20.174s] GC(10) Concurrent Mark 5.796ms
[2024-08-31T22:30:40.376+0200][20.175s] GC(10) Concurrent Rebuild Remembered Sets
[2024-08-31T22:30:40.376+0200][20.177s] GC(10) Concurrent Rebuild Remembered Sets 2.075ms
[2024-08-31T22:30:40.376+0200][20.177s] GC(10) Pause Cleanup
[2024-08-31T22:30:40.376+0200][20.177s] GC(10) Pause Cleanup 111M->111M(189M) 0.081ms
[2024-08-31T22:30:40.376+0200][20.177s] GC(10) User=0.00s Sys=0.00s Real=0.00s
[2024-08-31T22:30:40.376+0200][20.177s] GC(10) Concurrent Cleanup for Next Mark
[2024-08-31T22:30:40.376+0200][20.177s] GC(10) Concurrent Cleanup for Next Mark 0.303ms
[2024-08-31T22:30:40.376+0200][20.177s] GC(10) Concurrent Mark Cycle 8.874ms
[2024-08-31T22:30:40.606+0200][20.402s] GC(11) Pause Young (Concurrent Start) (G1 Humongous Allocation)
[2024-08-31T22:30:40.606+0200][20.402s] GC(11) Using 8 workers of 8 for evacuation
[2024-08-31T22:30:40.607+0200][20.404s] GC(11)   Pre Evacuate Collection Set: 0.1ms
[2024-08-31T22:30:40.607+0200][20.404s] GC(11)   Merge Heap Roots: 0.1ms
[2024-08-31T22:30:40.607+0200][20.404s] GC(11)   Evacuate Collection Set: 0.8ms
[2024-08-31T22:30:40.607+0200][20.404s] GC(11)   Post Evacuate Collection Set: 0.2ms
[2024-08-31T22:30:40.607+0200][20.404s] GC(11)   Other: 0.2ms
[2024-08-31T22:30:40.607+0200][20.404s] GC(11) Eden regions: 3->0(38)
[2024-08-31T22:30:40.607+0200][20.404s] GC(11) Survivor regions: 4->3(5)
[2024-08-31T22:30:40.607+0200][20.404s] GC(11) Old regions: 11->12
[2024-08-31T22:30:40.607+0200][20.404s] GC(11) Archive regions: 0->0
[2024-08-31T22:30:40.607+0200][20.404s] GC(11) Humongous regions: 97->97
[2024-08-31T22:30:40.607+0200][20.404s] GC(11) Metaspace: 14587K(14848K)->14587K(14848K) NonClass: 13051K(13184K)->13051K(13184K) Class: 1535K(1664K)->1535K(1664K)
[2024-08-31T22:30:40.607+0200][20.404s] GC(11) Pause Young (Concurrent Start) (G1 Humongous Allocation) 113M->110M(189M) 1.388ms
[2024-08-31T22:30:40.607+0200][20.404s] GC(11) User=0.00s Sys=0.00s Real=0.00s
[2024-08-31T22:30:40.607+0200][20.404s] GC(12) Concurrent Mark Cycle
[2024-08-31T22:30:40.607+0200][20.404s] GC(12) Concurrent Clear Claimed Marks
[2024-08-31T22:30:40.607+0200][20.404s] GC(12) Concurrent Clear Claimed Marks 0.022ms
[2024-08-31T22:30:40.607+0200][20.404s] GC(12) Concurrent Scan Root Regions
[2024-08-31T22:30:40.608+0200][20.404s] GC(12) Concurrent Scan Root Regions 0.257ms
[2024-08-31T22:30:40.608+0200][20.404s] GC(12) Concurrent Mark
[2024-08-31T22:30:40.608+0200][20.404s] GC(12) Concurrent Mark From Roots
[2024-08-31T22:30:40.608+0200][20.404s] GC(12) Using 2 workers of 2 for marking
[2024-08-31T22:30:40.609+0200][20.408s] GC(12) Concurrent Mark From Roots 3.707ms
[2024-08-31T22:30:40.609+0200][20.408s] GC(12) Concurrent Preclean
[2024-08-31T22:30:40.609+0200][20.408s] GC(12) Concurrent Preclean 0.045ms
[2024-08-31T22:30:40.609+0200][20.408s] GC(12) Pause Remark
[2024-08-31T22:30:40.609+0200][20.409s] GC(12) Pause Remark 112M->112M(190M) 0.954ms
[2024-08-31T22:30:40.609+0200][20.409s] GC(12) User=0.00s Sys=0.00s Real=0.00s
[2024-08-31T22:30:40.609+0200][20.409s] GC(12) Concurrent Mark 4.916ms
[2024-08-31T22:30:40.609+0200][20.409s] GC(12) Concurrent Rebuild Remembered Sets
[2024-08-31T22:30:40.609+0200][20.411s] GC(12) Concurrent Rebuild Remembered Sets 2.213ms
[2024-08-31T22:30:40.609+0200][20.411s] GC(12) Pause Cleanup
[2024-08-31T22:30:40.609+0200][20.412s] GC(12) Pause Cleanup 112M->112M(190M) 0.094ms
[2024-08-31T22:30:40.609+0200][20.412s] GC(12) User=0.00s Sys=0.00s Real=0.00s
[2024-08-31T22:30:40.609+0200][20.412s] GC(12) Concurrent Cleanup for Next Mark
[2024-08-31T22:30:40.609+0200][20.412s] GC(12) Concurrent Cleanup for Next Mark 0.167ms
[2024-08-31T22:30:40.609+0200][20.412s] GC(12) Concurrent Mark Cycle 8.154ms
[2024-08-31T22:31:17.906+0200][57.707s] GC(13) Pause Young (Prepare Mixed) (G1 Evacuation Pause)
[2024-08-31T22:31:17.906+0200][57.707s] GC(13) Using 8 workers of 8 for evacuation
[2024-08-31T22:31:17.906+0200][57.710s] GC(13)   Pre Evacuate Collection Set: 0.1ms
[2024-08-31T22:31:17.906+0200][57.710s] GC(13)   Merge Heap Roots: 0.0ms
[2024-08-31T22:31:17.906+0200][57.710s] GC(13)   Evacuate Collection Set: 1.9ms
[2024-08-31T22:31:17.906+0200][57.710s] GC(13)   Post Evacuate Collection Set: 0.6ms
[2024-08-31T22:31:17.906+0200][57.710s] GC(13)   Other: 0.1ms
[2024-08-31T22:31:17.906+0200][57.710s] GC(13) Eden regions: 38->0(5)
[2024-08-31T22:31:17.906+0200][57.710s] GC(13) Survivor regions: 3->6(6)
[2024-08-31T22:31:17.906+0200][57.710s] GC(13) Old regions: 12->14
[2024-08-31T22:31:17.906+0200][57.710s] GC(13) Archive regions: 0->0
[2024-08-31T22:31:17.906+0200][57.710s] GC(13) Humongous regions: 119->119
[2024-08-31T22:31:17.906+0200][57.710s] GC(13) Metaspace: 14959K(15168K)->14959K(15168K) NonClass: 13420K(13504K)->13420K(13504K) Class: 1539K(1664K)->1539K(1664K)
[2024-08-31T22:31:17.906+0200][57.710s] GC(13) Pause Young (Prepare Mixed) (G1 Evacuation Pause) 170M->138M(228M) 2.945ms
[2024-08-31T22:31:17.906+0200][57.710s] GC(13) User=0.00s Sys=0.00s Real=0.00s
[2024-08-31T22:31:24.248+0200][64.046s] GC(14) Pause Young (Mixed) (G1 Evacuation Pause)
[2024-08-31T22:31:24.248+0200][64.046s] GC(14) Using 8 workers of 8 for evacuation
[2024-08-31T22:31:24.248+0200][64.047s] GC(14)   Pre Evacuate Collection Set: 0.1ms
[2024-08-31T22:31:24.248+0200][64.047s] GC(14)   Merge Heap Roots: 0.1ms
[2024-08-31T22:31:24.248+0200][64.047s] GC(14)   Evacuate Collection Set: 0.9ms
[2024-08-31T22:31:24.248+0200][64.047s] GC(14)   Post Evacuate Collection Set: 0.3ms
[2024-08-31T22:31:24.248+0200][64.047s] GC(14)   Other: 0.1ms
[2024-08-31T22:31:24.248+0200][64.047s] GC(14) Eden regions: 5->0(36)
[2024-08-31T22:31:24.248+0200][64.047s] GC(14) Survivor regions: 6->2(2)
[2024-08-31T22:31:24.248+0200][64.047s] GC(14) Old regions: 14->19
[2024-08-31T22:31:24.248+0200][64.047s] GC(14) Archive regions: 0->0
[2024-08-31T22:31:24.248+0200][64.047s] GC(14) Humongous regions: 129->129
[2024-08-31T22:31:24.248+0200][64.047s] GC(14) Metaspace: 14975K(15168K)->14975K(15168K) NonClass: 13435K(13504K)->13435K(13504K) Class: 1539K(1664K)->1539K(1664K)
[2024-08-31T22:31:24.248+0200][64.047s] GC(14) Pause Young (Mixed) (G1 Evacuation Pause) 153M->149M(228M) 1.494ms
[2024-08-31T22:31:24.248+0200][64.047s] GC(14) User=0.00s Sys=0.00s Real=0.00s
[2024-08-31T22:31:25.246+0200][65.046s] GC(15) Pause Young (Concurrent Start) (G1 Humongous Allocation)
[2024-08-31T22:31:25.246+0200][65.047s] GC(15) Using 8 workers of 8 for evacuation
[2024-08-31T22:31:25.246+0200][65.047s] GC(15)   Pre Evacuate Collection Set: 0.1ms
[2024-08-31T22:31:25.246+0200][65.047s] GC(15)   Merge Heap Roots: 0.0ms
[2024-08-31T22:31:25.246+0200][65.047s] GC(15)   Evacuate Collection Set: 0.4ms
[2024-08-31T22:31:25.246+0200][65.047s] GC(15)   Post Evacuate Collection Set: 0.3ms
[2024-08-31T22:31:25.246+0200][65.047s] GC(15)   Other: 0.1ms
[2024-08-31T22:31:25.246+0200][65.047s] GC(15) Eden regions: 2->0(36)
[2024-08-31T22:31:25.246+0200][65.047s] GC(15) Survivor regions: 2->2(5)
[2024-08-31T22:31:25.246+0200][65.047s] GC(15) Old regions: 19->19
[2024-08-31T22:31:25.246+0200][65.047s] GC(15) Archive regions: 0->0
[2024-08-31T22:31:25.246+0200][65.047s] GC(15) Humongous regions: 129->129
[2024-08-31T22:31:25.246+0200][65.047s] GC(15) Metaspace: 14982K(15168K)->14982K(15168K) NonClass: 13442K(13504K)->13442K(13504K) Class: 1540K(1664K)->1540K(1664K)
[2024-08-31T22:31:25.246+0200][65.047s] GC(15) Pause Young (Concurrent Start) (G1 Humongous Allocation) 150M->149M(228M) 0.990ms
[2024-08-31T22:31:25.246+0200][65.047s] GC(15) User=0.00s Sys=0.00s Real=0.00s
[2024-08-31T22:31:25.246+0200][65.048s] GC(16) Concurrent Mark Cycle
[2024-08-31T22:31:25.246+0200][65.048s] GC(16) Concurrent Clear Claimed Marks
[2024-08-31T22:31:25.246+0200][65.048s] GC(16) Concurrent Clear Claimed Marks 0.018ms
[2024-08-31T22:31:25.246+0200][65.048s] GC(16) Concurrent Scan Root Regions
[2024-08-31T22:31:25.246+0200][65.048s] GC(16) Concurrent Scan Root Regions 0.180ms
[2024-08-31T22:31:25.246+0200][65.048s] GC(16) Concurrent Mark
[2024-08-31T22:31:25.246+0200][65.048s] GC(16) Concurrent Mark From Roots
[2024-08-31T22:31:25.246+0200][65.048s] GC(16) Using 2 workers of 2 for marking
[2024-08-31T22:31:25.255+0200][65.051s] GC(16) Concurrent Mark From Roots 3.505ms
[2024-08-31T22:31:25.255+0200][65.051s] GC(16) Concurrent Preclean
[2024-08-31T22:31:25.255+0200][65.051s] GC(16) Concurrent Preclean 0.041ms
[2024-08-31T22:31:25.255+0200][65.052s] GC(16) Pause Remark
[2024-08-31T22:31:25.256+0200][65.053s] GC(16) Pause Remark 161M->161M(272M) 1.586ms
[2024-08-31T22:31:25.256+0200][65.053s] GC(16) User=0.00s Sys=0.00s Real=0.00s
[2024-08-31T22:31:25.256+0200][65.053s] GC(16) Concurrent Mark 5.380ms
[2024-08-31T22:31:25.256+0200][65.053s] GC(16) Concurrent Rebuild Remembered Sets
[2024-08-31T22:31:25.258+0200][65.055s] GC(16) Concurrent Rebuild Remembered Sets 1.947ms
[2024-08-31T22:31:25.258+0200][65.055s] GC(16) Pause Cleanup
[2024-08-31T22:31:25.258+0200][65.055s] GC(16) Pause Cleanup 161M->161M(272M) 0.092ms
[2024-08-31T22:31:25.258+0200][65.055s] GC(16) User=0.00s Sys=0.00s Real=0.00s
[2024-08-31T22:31:25.258+0200][65.055s] GC(16) Concurrent Cleanup for Next Mark
[2024-08-31T22:31:25.260+0200][65.056s] GC(16) Concurrent Cleanup for Next Mark 0.447ms
[2024-08-31T22:31:25.260+0200][65.056s] GC(16) Concurrent Mark Cycle 8.330ms
[2024-08-31T22:31:25.341+0200][65.141s] GC(17) Pause Young (Concurrent Start) (G1 Humongous Allocation)
[2024-08-31T22:31:25.341+0200][65.141s] GC(17) Using 8 workers of 8 for evacuation
[2024-08-31T22:31:25.346+0200][65.143s] GC(17)   Pre Evacuate Collection Set: 0.1ms
[2024-08-31T22:31:25.346+0200][65.143s] GC(17)   Merge Heap Roots: 0.1ms
[2024-08-31T22:31:25.346+0200][65.143s] GC(17)   Evacuate Collection Set: 0.8ms
[2024-08-31T22:31:25.346+0200][65.143s] GC(17)   Post Evacuate Collection Set: 0.2ms
[2024-08-31T22:31:25.346+0200][65.143s] GC(17)   Other: 0.2ms
[2024-08-31T22:31:25.346+0200][65.143s] GC(17) Eden regions: 12->0(63)
[2024-08-31T22:31:25.346+0200][65.143s] GC(17) Survivor regions: 2->2(5)
[2024-08-31T22:31:25.346+0200][65.143s] GC(17) Old regions: 19->19
[2024-08-31T22:31:25.346+0200][65.143s] GC(17) Archive regions: 0->0
[2024-08-31T22:31:25.346+0200][65.143s] GC(17) Humongous regions: 141->141
[2024-08-31T22:31:25.346+0200][65.143s] GC(17) Metaspace: 14982K(15168K)->14982K(15168K) NonClass: 13442K(13504K)->13442K(13504K) Class: 1540K(1664K)->1540K(1664K)
[2024-08-31T22:31:25.346+0200][65.143s] GC(17) Pause Young (Concurrent Start) (G1 Humongous Allocation) 172M->161M(272M) 1.465ms
[2024-08-31T22:31:25.346+0200][65.143s] GC(17) User=0.00s Sys=0.00s Real=0.00s
[2024-08-31T22:31:25.346+0200][65.143s] GC(18) Concurrent Mark Cycle
[2024-08-31T22:31:25.346+0200][65.143s] GC(18) Concurrent Clear Claimed Marks
[2024-08-31T22:31:25.346+0200][65.143s] GC(18) Concurrent Clear Claimed Marks 0.013ms
[2024-08-31T22:31:25.346+0200][65.143s] GC(18) Concurrent Scan Root Regions
[2024-08-31T22:31:25.347+0200][65.143s] GC(18) Concurrent Scan Root Regions 0.166ms
[2024-08-31T22:31:25.347+0200][65.143s] GC(18) Concurrent Mark
[2024-08-31T22:31:25.347+0200][65.143s] GC(18) Concurrent Mark From Roots
[2024-08-31T22:31:25.347+0200][65.143s] GC(18) Using 2 workers of 2 for marking
[2024-08-31T22:31:25.348+0200][65.147s] GC(18) Concurrent Mark From Roots 3.816ms
[2024-08-31T22:31:25.348+0200][65.147s] GC(18) Concurrent Preclean
[2024-08-31T22:31:25.348+0200][65.147s] GC(18) Concurrent Preclean 0.064ms
[2024-08-31T22:31:25.348+0200][65.147s] GC(18) Pause Remark
[2024-08-31T22:31:25.348+0200][65.149s] GC(18) Pause Remark 184M->184M(310M) 1.815ms
[2024-08-31T22:31:25.348+0200][65.149s] GC(18) User=0.02s Sys=0.00s Real=0.00s
[2024-08-31T22:31:25.356+0200][65.152s] GC(18) Concurrent Mark 8.753ms
[2024-08-31T22:31:25.356+0200][65.152s] GC(18) Concurrent Rebuild Remembered Sets
[2024-08-31T22:31:25.357+0200][65.154s] GC(18) Concurrent Rebuild Remembered Sets 1.924ms
[2024-08-31T22:31:25.357+0200][65.154s] GC(18) Pause Cleanup
[2024-08-31T22:31:25.357+0200][65.154s] GC(18) Pause Cleanup 185M->185M(310M) 0.066ms
[2024-08-31T22:31:25.357+0200][65.154s] GC(18) User=0.00s Sys=0.00s Real=0.00s
[2024-08-31T22:31:25.357+0200][65.154s] GC(18) Concurrent Cleanup for Next Mark
[2024-08-31T22:31:25.357+0200][65.155s] GC(18) Concurrent Cleanup for Next Mark 0.472ms
[2024-08-31T22:31:25.357+0200][65.155s] GC(18) Concurrent Mark Cycle 11.684ms
[2024-08-31T22:31:25.457+0200][65.261s] GC(19) Pause Young (Concurrent Start) (G1 Humongous Allocation)
[2024-08-31T22:31:25.457+0200][65.261s] GC(19) Using 8 workers of 8 for evacuation
[2024-08-31T22:31:25.457+0200][65.262s] GC(19)   Pre Evacuate Collection Set: 0.1ms
[2024-08-31T22:31:25.457+0200][65.262s] GC(19)   Merge Heap Roots: 0.1ms
[2024-08-31T22:31:25.457+0200][65.262s] GC(19)   Evacuate Collection Set: 0.7ms
[2024-08-31T22:31:25.457+0200][65.262s] GC(19)   Post Evacuate Collection Set: 0.2ms
[2024-08-31T22:31:25.457+0200][65.262s] GC(19)   Other: 0.2ms
[2024-08-31T22:31:25.457+0200][65.262s] GC(19) Eden regions: 24->0(77)
[2024-08-31T22:31:25.457+0200][65.262s] GC(19) Survivor regions: 2->2(9)
[2024-08-31T22:31:25.457+0200][65.262s] GC(19) Old regions: 19->19
[2024-08-31T22:31:25.457+0200][65.262s] GC(19) Archive regions: 0->0
[2024-08-31T22:31:25.457+0200][65.262s] GC(19) Humongous regions: 164->164
[2024-08-31T22:31:25.457+0200][65.262s] GC(19) Metaspace: 15091K(15296K)->15091K(15296K) NonClass: 13540K(13632K)->13540K(13632K) Class: 1550K(1664K)->1550K(1664K)
[2024-08-31T22:31:25.457+0200][65.262s] GC(19) Pause Young (Concurrent Start) (G1 Humongous Allocation) 208M->184M(310M) 1.341ms
[2024-08-31T22:31:25.457+0200][65.262s] GC(19) User=0.00s Sys=0.00s Real=0.00s
[2024-08-31T22:31:25.466+0200][65.262s] GC(20) Concurrent Mark Cycle
[2024-08-31T22:31:25.466+0200][65.262s] GC(20) Concurrent Clear Claimed Marks
[2024-08-31T22:31:25.466+0200][65.262s] GC(20) Concurrent Clear Claimed Marks 0.014ms
[2024-08-31T22:31:25.466+0200][65.262s] GC(20) Concurrent Scan Root Regions
[2024-08-31T22:31:25.466+0200][65.262s] GC(20) Concurrent Scan Root Regions 0.145ms
[2024-08-31T22:31:25.466+0200][65.262s] GC(20) Concurrent Mark
[2024-08-31T22:31:25.466+0200][65.262s] GC(20) Concurrent Mark From Roots
[2024-08-31T22:31:25.466+0200][65.262s] GC(20) Using 2 workers of 2 for marking
[2024-08-31T22:31:25.469+0200][65.266s] GC(20) Concurrent Mark From Roots 3.939ms
[2024-08-31T22:31:25.469+0200][65.266s] GC(20) Concurrent Preclean
[2024-08-31T22:31:25.469+0200][65.266s] GC(20) Concurrent Preclean 0.062ms
[2024-08-31T22:31:25.485+0200][65.281s] GC(20) Pause Remark
[2024-08-31T22:31:25.487+0200][65.284s] GC(20) Pause Remark 225M->225M(377M) 2.197ms
[2024-08-31T22:31:25.487+0200][65.284s] GC(20) User=0.00s Sys=0.00s Real=0.00s
[2024-08-31T22:31:25.487+0200][65.284s] GC(20) Concurrent Mark 21.541ms
[2024-08-31T22:31:25.487+0200][65.284s] GC(20) Concurrent Rebuild Remembered Sets
[2024-08-31T22:31:25.487+0200][65.286s] GC(20) Concurrent Rebuild Remembered Sets 1.750ms
[2024-08-31T22:31:25.487+0200][65.286s] GC(20) Pause Cleanup
[2024-08-31T22:31:25.487+0200][65.286s] GC(20) Pause Cleanup 225M->225M(377M) 0.080ms
[2024-08-31T22:31:25.487+0200][65.286s] GC(20) User=0.00s Sys=0.00s Real=0.00s
[2024-08-31T22:31:25.487+0200][65.286s] GC(20) Concurrent Cleanup for Next Mark
[2024-08-31T22:31:25.487+0200][65.286s] GC(20) Concurrent Cleanup for Next Mark 0.458ms
[2024-08-31T22:31:25.487+0200][65.286s] GC(20) Concurrent Mark Cycle 24.353ms
[2024-08-31T22:31:25.709+0200][65.510s] GC(21) Pause Young (Normal) (G1 Evacuation Pause)
[2024-08-31T22:31:25.709+0200][65.510s] GC(21) Using 8 workers of 8 for evacuation
[2024-08-31T22:31:25.709+0200][65.511s] GC(21)   Pre Evacuate Collection Set: 0.1ms
[2024-08-31T22:31:25.709+0200][65.511s] GC(21)   Merge Heap Roots: 0.0ms
[2024-08-31T22:31:25.709+0200][65.511s] GC(21)   Evacuate Collection Set: 0.3ms
[2024-08-31T22:31:25.709+0200][65.511s] GC(21)   Post Evacuate Collection Set: 0.2ms
[2024-08-31T22:31:25.709+0200][65.511s] GC(21)   Other: 0.1ms
[2024-08-31T22:31:25.709+0200][65.511s] GC(21) Eden regions: 77->0(104)
[2024-08-31T22:31:25.709+0200][65.511s] GC(21) Survivor regions: 2->2(10)
[2024-08-31T22:31:25.709+0200][65.511s] GC(21) Old regions: 19->19
[2024-08-31T22:31:25.709+0200][65.511s] GC(21) Archive regions: 0->0
[2024-08-31T22:31:25.709+0200][65.511s] GC(21) Humongous regions: 205->205
[2024-08-31T22:31:25.709+0200][65.511s] GC(21) Metaspace: 15105K(15296K)->15105K(15296K) NonClass: 13555K(13632K)->13555K(13632K) Class: 1550K(1664K)->1550K(1664K)
[2024-08-31T22:31:25.709+0200][65.511s] GC(21) Pause Young (Normal) (G1 Evacuation Pause) 302M->225M(377M) 0.914ms
[2024-08-31T22:31:25.709+0200][65.511s] GC(21) User=0.00s Sys=0.00s Real=0.00s
[2024-08-31T22:31:25.964+0200][65.761s] GC(22) Pause Young (Concurrent Start) (G1 Evacuation Pause)
[2024-08-31T22:31:25.979+0200][65.776s] GC(22) Using 8 workers of 8 for evacuation
[2024-08-31T22:31:25.980+0200][65.777s] GC(22)   Pre Evacuate Collection Set: 0.1ms
[2024-08-31T22:31:25.980+0200][65.777s] GC(22)   Merge Heap Roots: 0.2ms
[2024-08-31T22:31:25.980+0200][65.777s] GC(22)   Evacuate Collection Set: 0.4ms
[2024-08-31T22:31:25.980+0200][65.777s] GC(22)   Post Evacuate Collection Set: 0.5ms
[2024-08-31T22:31:25.980+0200][65.777s] GC(22)   Other: 14.7ms
[2024-08-31T22:31:25.980+0200][65.777s] GC(22) Eden regions: 104->0(106)
[2024-08-31T22:31:25.980+0200][65.777s] GC(22) Survivor regions: 2->2(14)
[2024-08-31T22:31:25.980+0200][65.777s] GC(22) Old regions: 19->19
[2024-08-31T22:31:25.980+0200][65.777s] GC(22) Archive regions: 0->0
[2024-08-31T22:31:25.980+0200][65.777s] GC(22) Humongous regions: 205->205
[2024-08-31T22:31:25.980+0200][65.777s] GC(22) Metaspace: 15105K(15296K)->15105K(15296K) NonClass: 13555K(13632K)->13555K(13632K) Class: 1550K(1664K)->1550K(1664K)
[2024-08-31T22:31:25.980+0200][65.777s] GC(22) Pause Young (Concurrent Start) (G1 Evacuation Pause) 329M->225M(377M) 15.999ms
[2024-08-31T22:31:25.980+0200][65.777s] GC(22) User=0.00s Sys=0.00s Real=0.02s
[2024-08-31T22:31:25.980+0200][65.777s] GC(23) Concurrent Mark Cycle
[2024-08-31T22:31:25.980+0200][65.777s] GC(23) Concurrent Clear Claimed Marks
[2024-08-31T22:31:25.980+0200][65.777s] GC(23) Concurrent Clear Claimed Marks 0.015ms
[2024-08-31T22:31:25.980+0200][65.777s] GC(23) Concurrent Scan Root Regions
[2024-08-31T22:31:25.980+0200][65.777s] GC(23) Concurrent Scan Root Regions 0.228ms
[2024-08-31T22:31:25.980+0200][65.777s] GC(23) Concurrent Mark
[2024-08-31T22:31:25.980+0200][65.777s] GC(23) Concurrent Mark From Roots
[2024-08-31T22:31:25.980+0200][65.777s] GC(23) Using 2 workers of 2 for marking
[2024-08-31T22:31:25.987+0200][65.783s] GC(23) Concurrent Mark From Roots 5.292ms
[2024-08-31T22:31:25.987+0200][65.783s] GC(23) Concurrent Preclean
[2024-08-31T22:31:25.987+0200][65.783s] GC(23) Concurrent Preclean 0.092ms
[2024-08-31T22:31:25.987+0200][65.783s] GC(23) Pause Remark
[2024-08-31T22:31:25.987+0200][65.784s] GC(23) Pause Remark 226M->226M(380M) 1.362ms
[2024-08-31T22:31:25.987+0200][65.785s] GC(23) User=0.00s Sys=0.00s Real=0.00s
[2024-08-31T22:31:25.987+0200][65.785s] GC(23) Concurrent Mark 7.216ms
[2024-08-31T22:31:25.987+0200][65.785s] GC(23) Concurrent Rebuild Remembered Sets
[2024-08-31T22:31:25.987+0200][65.787s] GC(23) Concurrent Rebuild Remembered Sets 2.131ms
[2024-08-31T22:31:25.987+0200][65.787s] GC(23) Pause Cleanup
[2024-08-31T22:31:25.987+0200][65.787s] GC(23) Pause Cleanup 227M->227M(380M) 0.145ms
[2024-08-31T22:31:25.987+0200][65.787s] GC(23) User=0.00s Sys=0.00s Real=0.00s
[2024-08-31T22:31:25.987+0200][65.787s] GC(23) Concurrent Cleanup for Next Mark
[2024-08-31T22:31:25.987+0200][65.788s] GC(23) Concurrent Cleanup for Next Mark 0.464ms
[2024-08-31T22:31:25.987+0200][65.788s] GC(23) Concurrent Mark Cycle 10.643ms
[2024-08-31T22:31:26.096+0200][65.897s] GC(24) Pause Young (Concurrent Start) (G1 Humongous Allocation)
[2024-08-31T22:31:26.096+0200][65.897s] GC(24) Using 8 workers of 8 for evacuation
[2024-08-31T22:31:26.096+0200][65.898s] GC(24)   Pre Evacuate Collection Set: 0.1ms
[2024-08-31T22:31:26.096+0200][65.898s] GC(24)   Merge Heap Roots: 0.2ms
[2024-08-31T22:31:26.096+0200][65.898s] GC(24)   Evacuate Collection Set: 0.3ms
[2024-08-31T22:31:26.096+0200][65.898s] GC(24)   Post Evacuate Collection Set: 0.5ms
[2024-08-31T22:31:26.096+0200][65.898s] GC(24)   Other: 0.2ms
[2024-08-31T22:31:26.096+0200][65.898s] GC(24) Eden regions: 40->0(110)
[2024-08-31T22:31:26.096+0200][65.898s] GC(24) Survivor regions: 2->2(14)
[2024-08-31T22:31:26.096+0200][65.898s] GC(24) Old regions: 19->19
[2024-08-31T22:31:26.096+0200][65.898s] GC(24) Archive regions: 0->0
[2024-08-31T22:31:26.096+0200][65.898s] GC(24) Humongous regions: 205->205
[2024-08-31T22:31:26.096+0200][65.898s] GC(24) Metaspace: 15107K(15296K)->15107K(15296K) NonClass: 13557K(13632K)->13557K(13632K) Class: 1550K(1664K)->1550K(1664K)
[2024-08-31T22:31:26.096+0200][65.898s] GC(24) Pause Young (Concurrent Start) (G1 Humongous Allocation) 264M->225M(380M) 1.497ms
[2024-08-31T22:31:26.096+0200][65.898s] GC(24) User=0.00s Sys=0.00s Real=0.00s
[2024-08-31T22:31:26.096+0200][65.898s] GC(25) Concurrent Mark Cycle
[2024-08-31T22:31:26.096+0200][65.898s] GC(25) Concurrent Clear Claimed Marks
[2024-08-31T22:31:26.096+0200][65.898s] GC(25) Concurrent Clear Claimed Marks 0.010ms
[2024-08-31T22:31:26.096+0200][65.898s] GC(25) Concurrent Scan Root Regions
[2024-08-31T22:31:26.096+0200][65.899s] GC(25) Concurrent Scan Root Regions 0.158ms
[2024-08-31T22:31:26.096+0200][65.899s] GC(25) Concurrent Mark
[2024-08-31T22:31:26.096+0200][65.899s] GC(25) Concurrent Mark From Roots
[2024-08-31T22:31:26.096+0200][65.899s] GC(25) Using 2 workers of 2 for marking
[2024-08-31T22:31:26.106+0200][65.903s] GC(25) Concurrent Mark From Roots 4.761ms
[2024-08-31T22:31:26.106+0200][65.903s] GC(25) Concurrent Preclean
[2024-08-31T22:31:26.106+0200][65.903s] GC(25) Concurrent Preclean 0.050ms
[2024-08-31T22:31:26.138+0200][65.935s] GC(25) Pause Remark
[2024-08-31T22:31:26.138+0200][65.937s] GC(25) Pause Remark 359M->359M(600M) 2.386ms
[2024-08-31T22:31:26.138+0200][65.937s] GC(25) User=0.00s Sys=0.00s Real=0.00s
[2024-08-31T22:31:26.138+0200][65.937s] GC(25) Concurrent Mark 38.628ms
[2024-08-31T22:31:26.138+0200][65.937s] GC(25) Concurrent Rebuild Remembered Sets
[2024-08-31T22:31:26.138+0200][65.939s] GC(25) Concurrent Rebuild Remembered Sets 2.055ms
[2024-08-31T22:31:26.138+0200][65.939s] GC(25) Pause Cleanup
[2024-08-31T22:31:26.138+0200][65.940s] GC(25) Pause Cleanup 359M->359M(600M) 0.151ms
[2024-08-31T22:31:26.138+0200][65.940s] GC(25) User=0.00s Sys=0.00s Real=0.00s
[2024-08-31T22:31:26.138+0200][65.940s] GC(25) Concurrent Cleanup for Next Mark
[2024-08-31T22:31:26.138+0200][65.941s] GC(25) Concurrent Cleanup for Next Mark 0.962ms
[2024-08-31T22:31:26.138+0200][65.941s] GC(25) Concurrent Mark Cycle 42.343ms
[2024-08-31T22:31:26.471+0200][66.268s] GC(26) Pause Young (Normal) (G1 Evacuation Pause)
[2024-08-31T22:31:26.471+0200][66.268s] GC(26) Using 8 workers of 8 for evacuation
[2024-08-31T22:31:26.471+0200][66.269s] GC(26)   Pre Evacuate Collection Set: 0.1ms
[2024-08-31T22:31:26.471+0200][66.269s] GC(26)   Merge Heap Roots: 0.1ms
[2024-08-31T22:31:26.471+0200][66.269s] GC(26)   Evacuate Collection Set: 0.5ms
[2024-08-31T22:31:26.471+0200][66.269s] GC(26)   Post Evacuate Collection Set: 0.2ms
[2024-08-31T22:31:26.471+0200][66.269s] GC(26)   Other: 0.1ms
[2024-08-31T22:31:26.471+0200][66.269s] GC(26) Eden regions: 110->0(175)
[2024-08-31T22:31:26.471+0200][66.269s] GC(26) Survivor regions: 2->2(14)
[2024-08-31T22:31:26.471+0200][66.269s] GC(26) Old regions: 19->19
[2024-08-31T22:31:26.471+0200][66.269s] GC(26) Archive regions: 0->0
[2024-08-31T22:31:26.471+0200][66.269s] GC(26) Humongous regions: 339->339
[2024-08-31T22:31:26.471+0200][66.269s] GC(26) Metaspace: 15107K(15296K)->15107K(15296K) NonClass: 13557K(13632K)->13557K(13632K) Class: 1550K(1664K)->1550K(1664K)
[2024-08-31T22:31:26.471+0200][66.270s] GC(26) Pause Young (Normal) (G1 Evacuation Pause) 469M->359M(600M) 1.079ms
[2024-08-31T22:31:26.471+0200][66.270s] GC(26) User=0.00s Sys=0.00s Real=0.00s
[2024-08-31T22:31:29.726+0200][69.528s] GC(27) Pause Young (Concurrent Start) (G1 Humongous Allocation)
[2024-08-31T22:31:29.726+0200][69.528s] GC(27) Using 8 workers of 8 for evacuation
[2024-08-31T22:31:29.726+0200][69.529s] GC(27)   Pre Evacuate Collection Set: 0.1ms
[2024-08-31T22:31:29.726+0200][69.529s] GC(27)   Merge Heap Roots: 0.0ms
[2024-08-31T22:31:29.726+0200][69.529s] GC(27)   Evacuate Collection Set: 0.4ms
[2024-08-31T22:31:29.726+0200][69.529s] GC(27)   Post Evacuate Collection Set: 0.2ms
[2024-08-31T22:31:29.726+0200][69.529s] GC(27)   Other: 0.2ms
[2024-08-31T22:31:29.726+0200][69.529s] GC(27) Eden regions: 95->0(176)
[2024-08-31T22:31:29.726+0200][69.529s] GC(27) Survivor regions: 2->2(23)
[2024-08-31T22:31:29.726+0200][69.529s] GC(27) Old regions: 19->19
[2024-08-31T22:31:29.726+0200][69.529s] GC(27) Archive regions: 0->0
[2024-08-31T22:31:29.726+0200][69.529s] GC(27) Humongous regions: 339->339
[2024-08-31T22:31:29.726+0200][69.529s] GC(27) Metaspace: 15124K(15360K)->15124K(15360K) NonClass: 13574K(13696K)->13574K(13696K) Class: 1550K(1664K)->1550K(1664K)
[2024-08-31T22:31:29.726+0200][69.529s] GC(27) Pause Young (Concurrent Start) (G1 Humongous Allocation) 453M->359M(600M) 0.986ms
[2024-08-31T22:31:29.726+0200][69.529s] GC(27) User=0.00s Sys=0.00s Real=0.00s
[2024-08-31T22:31:29.726+0200][69.529s] GC(28) Concurrent Mark Cycle
[2024-08-31T22:31:29.726+0200][69.529s] GC(28) Concurrent Clear Claimed Marks
[2024-08-31T22:31:29.726+0200][69.529s] GC(28) Concurrent Clear Claimed Marks 0.018ms
[2024-08-31T22:31:29.726+0200][69.529s] GC(28) Concurrent Scan Root Regions
[2024-08-31T22:31:29.726+0200][69.529s] GC(28) Concurrent Scan Root Regions 0.237ms
[2024-08-31T22:31:29.726+0200][69.529s] GC(28) Concurrent Mark
[2024-08-31T22:31:29.726+0200][69.529s] GC(28) Concurrent Mark From Roots
[2024-08-31T22:31:29.726+0200][69.529s] GC(28) Using 2 workers of 2 for marking
[2024-08-31T22:31:29.736+0200][69.534s] GC(28) Concurrent Mark From Roots 4.794ms
[2024-08-31T22:31:29.736+0200][69.534s] GC(28) Concurrent Preclean
[2024-08-31T22:31:29.736+0200][69.534s] GC(28) Concurrent Preclean 0.069ms
[2024-08-31T22:31:29.736+0200][69.534s] GC(28) Pause Remark
[2024-08-31T22:31:29.736+0200][69.536s] GC(28) Pause Remark 362M->362M(607M) 1.381ms
[2024-08-31T22:31:29.736+0200][69.536s] GC(28) User=0.00s Sys=0.00s Real=0.00s
[2024-08-31T22:31:29.736+0200][69.536s] GC(28) Concurrent Mark 6.544ms
[2024-08-31T22:31:29.736+0200][69.536s] GC(28) Concurrent Rebuild Remembered Sets
[2024-08-31T22:31:29.741+0200][69.538s] GC(28) Concurrent Rebuild Remembered Sets 1.894ms
[2024-08-31T22:31:29.741+0200][69.538s] GC(28) Pause Cleanup
[2024-08-31T22:31:29.741+0200][69.538s] GC(28) Pause Cleanup 362M->362M(607M) 0.157ms
[2024-08-31T22:31:29.741+0200][69.538s] GC(28) User=0.00s Sys=0.00s Real=0.00s
[2024-08-31T22:31:29.741+0200][69.538s] GC(28) Concurrent Cleanup for Next Mark
[2024-08-31T22:31:29.741+0200][69.539s] GC(28) Concurrent Cleanup for Next Mark 0.880ms
[2024-08-31T22:31:29.741+0200][69.539s] GC(28) Concurrent Mark Cycle 10.032ms
[2024-08-31T22:31:31.431+0200][71.230s] GC(29) Pause Young (Concurrent Start) (G1 Humongous Allocation)
[2024-08-31T22:31:31.431+0200][71.230s] GC(29) Using 8 workers of 8 for evacuation
[2024-08-31T22:31:31.436+0200][71.234s] GC(29)   Pre Evacuate Collection Set: 0.2ms
[2024-08-31T22:31:31.436+0200][71.234s] GC(29)   Merge Heap Roots: 0.1ms
[2024-08-31T22:31:31.436+0200][71.234s] GC(29)   Evacuate Collection Set: 2.3ms
[2024-08-31T22:31:31.436+0200][71.234s] GC(29)   Post Evacuate Collection Set: 1.3ms
[2024-08-31T22:31:31.436+0200][71.234s] GC(29)   Other: 0.3ms
[2024-08-31T22:31:31.436+0200][71.234s] GC(29) Eden regions: 3->0(227)
[2024-08-31T22:31:31.436+0200][71.234s] GC(29) Survivor regions: 2->2(23)
[2024-08-31T22:31:31.436+0200][71.234s] GC(29) Old regions: 19->19
[2024-08-31T22:31:31.436+0200][71.234s] GC(29) Archive regions: 0->0
[2024-08-31T22:31:31.436+0200][71.234s] GC(29) Humongous regions: 341->341
[2024-08-31T22:31:31.436+0200][71.234s] GC(29) Metaspace: 15142K(15360K)->15142K(15360K) NonClass: 13592K(13696K)->13592K(13696K) Class: 1550K(1664K)->1550K(1664K)
[2024-08-31T22:31:31.436+0200][71.234s] GC(29) Pause Young (Concurrent Start) (G1 Humongous Allocation) 363M->361M(663M) 4.534ms
[2024-08-31T22:31:31.436+0200][71.234s] GC(29) User=0.00s Sys=0.02s Real=0.01s
[2024-08-31T22:31:31.436+0200][71.234s] GC(30) Concurrent Mark Cycle
[2024-08-31T22:31:31.436+0200][71.234s] GC(30) Concurrent Clear Claimed Marks
[2024-08-31T22:31:31.436+0200][71.234s] GC(30) Concurrent Clear Claimed Marks 0.031ms
[2024-08-31T22:31:31.436+0200][71.234s] GC(30) Concurrent Scan Root Regions
[2024-08-31T22:31:31.436+0200][71.235s] GC(30) Concurrent Scan Root Regions 0.321ms
[2024-08-31T22:31:31.436+0200][71.235s] GC(30) Concurrent Mark
[2024-08-31T22:31:31.436+0200][71.235s] GC(30) Concurrent Mark From Roots
[2024-08-31T22:31:31.436+0200][71.235s] GC(30) Using 2 workers of 2 for marking
[2024-08-31T22:31:31.446+0200][71.242s] GC(30) Concurrent Mark From Roots 7.150ms
[2024-08-31T22:31:31.446+0200][71.242s] GC(30) Concurrent Preclean
[2024-08-31T22:31:31.446+0200][71.242s] GC(30) Concurrent Preclean 0.053ms
[2024-08-31T22:31:31.446+0200][71.242s] GC(30) Pause Remark
[2024-08-31T22:31:31.446+0200][71.245s] GC(30) Pause Remark 379M->379M(663M) 2.481ms
[2024-08-31T22:31:31.446+0200][71.245s] GC(30) User=0.00s Sys=0.00s Real=0.00s
[2024-08-31T22:31:31.446+0200][71.245s] GC(30) Concurrent Mark 9.992ms
[2024-08-31T22:31:31.446+0200][71.245s] GC(30) Concurrent Rebuild Remembered Sets
[2024-08-31T22:31:31.446+0200][71.247s] GC(30) Concurrent Rebuild Remembered Sets 1.994ms
[2024-08-31T22:31:31.446+0200][71.247s] GC(30) Pause Cleanup
[2024-08-31T22:31:31.446+0200][71.247s] GC(30) Pause Cleanup 379M->379M(663M) 0.116ms
[2024-08-31T22:31:31.446+0200][71.247s] GC(30) User=0.00s Sys=0.00s Real=0.00s
[2024-08-31T22:31:31.446+0200][71.247s] GC(30) Concurrent Cleanup for Next Mark
[2024-08-31T22:31:31.446+0200][71.248s] GC(30) Concurrent Cleanup for Next Mark 0.453ms
[2024-08-31T22:31:31.446+0200][71.248s] GC(30) Concurrent Mark Cycle 13.271ms
[2024-08-31T22:33:01.716+0200][161.513s] GC(31) Pause Young (Normal) (GCLocker Initiated GC)
[2024-08-31T22:33:01.716+0200][161.513s] GC(31) Using 8 workers of 8 for evacuation
[2024-08-31T22:33:01.724+0200][161.520s] GC(31)   Pre Evacuate Collection Set: 0.3ms
[2024-08-31T22:33:01.724+0200][161.520s] GC(31)   Merge Heap Roots: 0.1ms
[2024-08-31T22:33:01.724+0200][161.520s] GC(31)   Evacuate Collection Set: 6.2ms
[2024-08-31T22:33:01.724+0200][161.520s] GC(31)   Post Evacuate Collection Set: 0.7ms
[2024-08-31T22:33:01.724+0200][161.520s] GC(31)   Other: 0.3ms
[2024-08-31T22:33:01.724+0200][161.520s] GC(31) Eden regions: 227->0(121)
[2024-08-31T22:33:01.724+0200][161.520s] GC(31) Survivor regions: 2->29(29)
[2024-08-31T22:33:01.724+0200][161.520s] GC(31) Old regions: 19->47
[2024-08-31T22:33:01.724+0200][161.520s] GC(31) Archive regions: 0->0
[2024-08-31T22:33:01.724+0200][161.520s] GC(31) Humongous regions: 359->359
[2024-08-31T22:33:01.724+0200][161.520s] GC(31) Metaspace: 15312K(15552K)->15312K(15552K) NonClass: 13759K(13888K)->13759K(13888K) Class: 1553K(1664K)->1553K(1664K)
[2024-08-31T22:33:01.724+0200][161.520s] GC(31) Pause Young (Normal) (GCLocker Initiated GC) 606M->434M(664M) 7.652ms
[2024-08-31T22:33:01.724+0200][161.520s] GC(31) User=0.00s Sys=0.00s Real=0.01s
[2024-08-31T22:33:34.725+0200][194.528s] GC(32) Pause Young (Concurrent Start) (G1 Humongous Allocation)
[2024-08-31T22:33:34.725+0200][194.528s] GC(32) Using 8 workers of 8 for evacuation
[2024-08-31T22:33:34.736+0200][194.533s] GC(32)   Pre Evacuate Collection Set: 0.1ms
[2024-08-31T22:33:34.736+0200][194.533s] GC(32)   Merge Heap Roots: 0.1ms
[2024-08-31T22:33:34.736+0200][194.533s] GC(32)   Evacuate Collection Set: 3.5ms
[2024-08-31T22:33:34.736+0200][194.533s] GC(32)   Post Evacuate Collection Set: 0.8ms
[2024-08-31T22:33:34.736+0200][194.533s] GC(32)   Other: 0.2ms
[2024-08-31T22:33:34.736+0200][194.533s] GC(32) Eden regions: 45->0(98)
[2024-08-31T22:33:34.736+0200][194.533s] GC(32) Survivor regions: 29->13(19)
[2024-08-31T22:33:34.736+0200][194.533s] GC(32) Old regions: 47->76
[2024-08-31T22:33:34.736+0200][194.533s] GC(32) Archive regions: 0->0
[2024-08-31T22:33:34.736+0200][194.533s] GC(32) Humongous regions: 359->359
[2024-08-31T22:33:34.736+0200][194.533s] GC(32) Metaspace: 15332K(15552K)->15332K(15552K) NonClass: 13777K(13888K)->13777K(13888K) Class: 1554K(1664K)->1554K(1664K)
[2024-08-31T22:33:34.736+0200][194.533s] GC(32) Pause Young (Concurrent Start) (G1 Humongous Allocation) 479M->446M(664M) 4.795ms
[2024-08-31T22:33:34.736+0200][194.533s] GC(32) User=0.02s Sys=0.00s Real=0.01s
[2024-08-31T22:33:34.736+0200][194.533s] GC(33) Concurrent Mark Cycle
[2024-08-31T22:33:34.736+0200][194.533s] GC(33) Concurrent Clear Claimed Marks
[2024-08-31T22:33:34.736+0200][194.533s] GC(33) Concurrent Clear Claimed Marks 0.018ms
[2024-08-31T22:33:34.736+0200][194.533s] GC(33) Concurrent Scan Root Regions
[2024-08-31T22:33:34.736+0200][194.534s] GC(33) Concurrent Scan Root Regions 0.882ms
[2024-08-31T22:33:34.736+0200][194.534s] GC(33) Concurrent Mark
[2024-08-31T22:33:34.736+0200][194.534s] GC(33) Concurrent Mark From Roots
[2024-08-31T22:33:34.736+0200][194.534s] GC(33) Using 2 workers of 2 for marking
[2024-08-31T22:33:34.736+0200][194.539s] GC(33) Concurrent Mark From Roots 5.295ms
[2024-08-31T22:33:34.736+0200][194.540s] GC(33) Concurrent Preclean
[2024-08-31T22:33:34.736+0200][194.540s] GC(33) Concurrent Preclean 0.144ms
[2024-08-31T22:33:34.736+0200][194.540s] GC(33) Pause Remark
[2024-08-31T22:33:34.746+0200][194.543s] GC(33) Pause Remark 448M->448M(752M) 2.714ms
[2024-08-31T22:33:34.746+0200][194.543s] GC(33) User=0.00s Sys=0.00s Real=0.01s
[2024-08-31T22:33:34.746+0200][194.543s] GC(33) Concurrent Mark 8.657ms
[2024-08-31T22:33:34.746+0200][194.543s] GC(33) Concurrent Rebuild Remembered Sets
[2024-08-31T22:33:34.747+0200][194.546s] GC(33) Concurrent Rebuild Remembered Sets 2.648ms
[2024-08-31T22:33:34.747+0200][194.546s] GC(33) Pause Cleanup
[2024-08-31T22:33:34.750+0200][194.546s] GC(33) Pause Cleanup 448M->448M(752M) 0.225ms
[2024-08-31T22:33:34.750+0200][194.546s] GC(33) User=0.00s Sys=0.00s Real=0.00s
[2024-08-31T22:33:34.750+0200][194.546s] GC(33) Concurrent Cleanup for Next Mark
[2024-08-31T22:33:34.750+0200][194.547s] GC(33) Concurrent Cleanup for Next Mark 0.739ms
[2024-08-31T22:33:34.750+0200][194.547s] GC(33) Concurrent Mark Cycle 13.787ms
[2024-08-31T22:34:55.660+0200][275.459s] GC(34) Pause Young (Prepare Mixed) (G1 Evacuation Pause)
[2024-08-31T22:34:55.660+0200][275.459s] GC(34) Using 8 workers of 8 for evacuation
[2024-08-31T22:34:55.666+0200][275.463s] GC(34)   Pre Evacuate Collection Set: 0.2ms
[2024-08-31T22:34:55.666+0200][275.463s] GC(34)   Merge Heap Roots: 0.1ms
[2024-08-31T22:34:55.666+0200][275.463s] GC(34)   Evacuate Collection Set: 3.1ms
[2024-08-31T22:34:55.666+0200][275.463s] GC(34)   Post Evacuate Collection Set: 0.9ms
[2024-08-31T22:34:55.666+0200][275.463s] GC(34)   Other: 0.3ms
[2024-08-31T22:34:55.666+0200][275.463s] GC(34) Eden regions: 98->0(26)
[2024-08-31T22:34:55.666+0200][275.463s] GC(34) Survivor regions: 13->11(14)
[2024-08-31T22:34:55.666+0200][275.463s] GC(34) Old regions: 76->88
[2024-08-31T22:34:55.666+0200][275.463s] GC(34) Archive regions: 0->0
[2024-08-31T22:34:55.666+0200][275.463s] GC(34) Humongous regions: 459->459
[2024-08-31T22:34:55.666+0200][275.463s] GC(34) Metaspace: 15419K(15680K)->15419K(15680K) NonClass: 13861K(14016K)->13861K(14016K) Class: 1558K(1664K)->1558K(1664K)
[2024-08-31T22:34:55.666+0200][275.463s] GC(34) Pause Young (Prepare Mixed) (G1 Evacuation Pause) 644M->556M(752M) 4.531ms
[2024-08-31T22:34:55.666+0200][275.463s] GC(34) User=0.02s Sys=0.00s Real=0.01s
[2024-08-31T22:34:55.720+0200][275.517s] GC(35) Pause Young (Mixed) (G1 Evacuation Pause)
[2024-08-31T22:34:55.720+0200][275.518s] GC(35) Using 8 workers of 8 for evacuation
[2024-08-31T22:34:55.720+0200][275.519s] GC(35)   Pre Evacuate Collection Set: 0.1ms
[2024-08-31T22:34:55.720+0200][275.519s] GC(35)   Merge Heap Roots: 0.1ms
[2024-08-31T22:34:55.720+0200][275.519s] GC(35)   Evacuate Collection Set: 1.3ms
[2024-08-31T22:34:55.720+0200][275.519s] GC(35)   Post Evacuate Collection Set: 0.3ms
[2024-08-31T22:34:55.720+0200][275.519s] GC(35)   Other: 0.2ms
[2024-08-31T22:34:55.720+0200][275.519s] GC(35) Eden regions: 26->0(83)
[2024-08-31T22:34:55.720+0200][275.519s] GC(35) Survivor regions: 11->0(5)
[2024-08-31T22:34:55.720+0200][275.519s] GC(35) Old regions: 88->97
[2024-08-31T22:34:55.720+0200][275.519s] GC(35) Archive regions: 0->0
[2024-08-31T22:34:55.720+0200][275.519s] GC(35) Humongous regions: 459->459
[2024-08-31T22:34:55.720+0200][275.519s] GC(35) Metaspace: 15419K(15680K)->15419K(15680K) NonClass: 13861K(14016K)->13861K(14016K) Class: 1558K(1664K)->1558K(1664K)
[2024-08-31T22:34:55.720+0200][275.519s] GC(35) Pause Young (Mixed) (G1 Evacuation Pause) 582M->555M(752M) 1.936ms
[2024-08-31T22:34:55.720+0200][275.519s] GC(35) User=0.00s Sys=0.00s Real=0.00s
[2024-08-31T22:34:55.820+0200][275.616s] GC(36) Pause Young (Concurrent Start) (G1 Humongous Allocation)
[2024-08-31T22:34:55.820+0200][275.616s] GC(36) Using 8 workers of 8 for evacuation
[2024-08-31T22:34:55.820+0200][275.617s] GC(36)   Pre Evacuate Collection Set: 0.1ms
[2024-08-31T22:34:55.820+0200][275.617s] GC(36)   Merge Heap Roots: 0.1ms
[2024-08-31T22:34:55.820+0200][275.617s] GC(36)   Evacuate Collection Set: 0.5ms
[2024-08-31T22:34:55.820+0200][275.617s] GC(36)   Post Evacuate Collection Set: 0.2ms
[2024-08-31T22:34:55.820+0200][275.617s] GC(36)   Other: 0.2ms
[2024-08-31T22:34:55.820+0200][275.617s] GC(36) Eden regions: 40->0(88)
[2024-08-31T22:34:55.820+0200][275.617s] GC(36) Survivor regions: 0->1(11)
[2024-08-31T22:34:55.820+0200][275.617s] GC(36) Old regions: 97->97
[2024-08-31T22:34:55.820+0200][275.617s] GC(36) Archive regions: 0->0
[2024-08-31T22:34:55.820+0200][275.617s] GC(36) Humongous regions: 459->459
[2024-08-31T22:34:55.820+0200][275.617s] GC(36) Metaspace: 15419K(15680K)->15419K(15680K) NonClass: 13861K(14016K)->13861K(14016K) Class: 1558K(1664K)->1558K(1664K)
[2024-08-31T22:34:55.820+0200][275.617s] GC(36) Pause Young (Concurrent Start) (G1 Humongous Allocation) 595M->555M(752M) 1.160ms
[2024-08-31T22:34:55.820+0200][275.617s] GC(36) User=0.00s Sys=0.00s Real=0.00s
[2024-08-31T22:34:55.820+0200][275.617s] GC(37) Concurrent Mark Cycle
[2024-08-31T22:34:55.820+0200][275.617s] GC(37) Concurrent Clear Claimed Marks
[2024-08-31T22:34:55.820+0200][275.617s] GC(37) Concurrent Clear Claimed Marks 0.011ms
[2024-08-31T22:34:55.820+0200][275.617s] GC(37) Concurrent Scan Root Regions
[2024-08-31T22:34:55.820+0200][275.618s] GC(37) Concurrent Scan Root Regions 0.067ms
[2024-08-31T22:34:55.820+0200][275.618s] GC(37) Concurrent Mark
[2024-08-31T22:34:55.820+0200][275.618s] GC(37) Concurrent Mark From Roots
[2024-08-31T22:34:55.820+0200][275.618s] GC(37) Using 2 workers of 2 for marking
[2024-08-31T22:34:55.825+0200][275.622s] GC(37) Concurrent Mark From Roots 4.705ms
[2024-08-31T22:34:55.825+0200][275.622s] GC(37) Concurrent Preclean
[2024-08-31T22:34:55.825+0200][275.622s] GC(37) Concurrent Preclean 0.064ms
[2024-08-31T22:34:55.881+0200][275.677s] GC(37) Pause Remark
[2024-08-31T22:34:55.886+0200][275.685s] GC(37) Pause Remark 761M->533M(918M) 7.355ms
[2024-08-31T22:34:55.886+0200][275.685s] GC(37) User=0.00s Sys=0.00s Real=0.00s
[2024-08-31T22:34:55.886+0200][275.685s] GC(37) Concurrent Mark 67.618ms
[2024-08-31T22:34:55.886+0200][275.685s] GC(37) Concurrent Rebuild Remembered Sets
[2024-08-31T22:34:55.886+0200][275.687s] GC(37) Concurrent Rebuild Remembered Sets 2.227ms
[2024-08-31T22:34:55.886+0200][275.688s] GC(37) Pause Cleanup
[2024-08-31T22:34:55.886+0200][275.688s] GC(37) Pause Cleanup 535M->535M(918M) 0.167ms
[2024-08-31T22:34:55.886+0200][275.688s] GC(37) User=0.00s Sys=0.00s Real=0.00s
[2024-08-31T22:34:55.892+0200][275.688s] GC(37) Concurrent Cleanup for Next Mark
[2024-08-31T22:34:55.892+0200][275.690s] GC(37) Concurrent Cleanup for Next Mark 1.405ms
[2024-08-31T22:34:55.892+0200][275.690s] GC(37) Concurrent Mark Cycle 72.486ms
[2024-08-31T22:34:56.071+0200][275.871s] GC(38) Pause Young (Prepare Mixed) (G1 Evacuation Pause)
[2024-08-31T22:34:56.075+0200][275.871s] GC(38) Using 8 workers of 8 for evacuation
[2024-08-31T22:34:56.075+0200][275.872s] GC(38)   Pre Evacuate Collection Set: 0.1ms
[2024-08-31T22:34:56.075+0200][275.873s] GC(38)   Merge Heap Roots: 0.1ms
[2024-08-31T22:34:56.075+0200][275.873s] GC(38)   Evacuate Collection Set: 0.5ms
[2024-08-31T22:34:56.075+0200][275.873s] GC(38)   Post Evacuate Collection Set: 0.6ms
[2024-08-31T22:34:56.075+0200][275.873s] GC(38)   Other: 0.2ms
[2024-08-31T22:34:56.075+0200][275.873s] GC(38) Eden regions: 88->0(44)
[2024-08-31T22:34:56.075+0200][275.873s] GC(38) Survivor regions: 1->1(12)
[2024-08-31T22:34:56.075+0200][275.873s] GC(38) Old regions: 97->97
[2024-08-31T22:34:56.075+0200][275.873s] GC(38) Archive regions: 0->0
[2024-08-31T22:34:56.075+0200][275.873s] GC(38) Humongous regions: 437->437
[2024-08-31T22:34:56.075+0200][275.873s] GC(38) Metaspace: 15426K(15680K)->15426K(15680K) NonClass: 13868K(14016K)->13868K(14016K) Class: 1558K(1664K)->1558K(1664K)
[2024-08-31T22:34:56.075+0200][275.873s] GC(38) Pause Young (Prepare Mixed) (G1 Evacuation Pause) 621M->533M(918M) 1.631ms
[2024-08-31T22:34:56.075+0200][275.873s] GC(38) User=0.00s Sys=0.00s Real=0.00s
[2024-08-31T22:34:56.171+0200][275.969s] GC(39) Pause Young (Mixed) (G1 Evacuation Pause)
[2024-08-31T22:34:56.171+0200][275.969s] GC(39) Using 8 workers of 8 for evacuation
[2024-08-31T22:34:56.171+0200][275.970s] GC(39)   Pre Evacuate Collection Set: 0.2ms
[2024-08-31T22:34:56.171+0200][275.970s] GC(39)   Merge Heap Roots: 0.1ms
[2024-08-31T22:34:56.171+0200][275.970s] GC(39)   Evacuate Collection Set: 0.5ms
[2024-08-31T22:34:56.171+0200][275.970s] GC(39)   Post Evacuate Collection Set: 0.5ms
[2024-08-31T22:34:56.171+0200][275.970s] GC(39)   Other: 0.2ms
[2024-08-31T22:34:56.171+0200][275.970s] GC(39) Eden regions: 44->0(218)
[2024-08-31T22:34:56.171+0200][275.970s] GC(39) Survivor regions: 1->1(6)
[2024-08-31T22:34:56.171+0200][275.970s] GC(39) Old regions: 97->95
[2024-08-31T22:34:56.171+0200][275.970s] GC(39) Archive regions: 0->0
[2024-08-31T22:34:56.171+0200][275.970s] GC(39) Humongous regions: 437->437
[2024-08-31T22:34:56.171+0200][275.970s] GC(39) Metaspace: 15426K(15680K)->15426K(15680K) NonClass: 13868K(14016K)->13868K(14016K) Class: 1558K(1664K)->1558K(1664K)
[2024-08-31T22:34:56.171+0200][275.970s] GC(39) Pause Young (Mixed) (G1 Evacuation Pause) 577M->531M(918M) 1.569ms
[2024-08-31T22:34:56.171+0200][275.970s] GC(39) User=0.00s Sys=0.00s Real=0.00s
[2024-08-31T22:34:59.931+0200][279.728s] GC(40) Pause Young (Concurrent Start) (G1 Humongous Allocation)
[2024-08-31T22:34:59.931+0200][279.728s] GC(40) Using 8 workers of 8 for evacuation
[2024-08-31T22:34:59.931+0200][279.729s] GC(40)   Pre Evacuate Collection Set: 0.1ms
[2024-08-31T22:34:59.931+0200][279.729s] GC(40)   Merge Heap Roots: 0.1ms
[2024-08-31T22:34:59.931+0200][279.729s] GC(40)   Evacuate Collection Set: 0.5ms
[2024-08-31T22:34:59.931+0200][279.729s] GC(40)   Post Evacuate Collection Set: 0.3ms
[2024-08-31T22:34:59.931+0200][279.729s] GC(40)   Other: 0.2ms
[2024-08-31T22:34:59.931+0200][279.729s] GC(40) Eden regions: 182->0(230)
[2024-08-31T22:34:59.931+0200][279.729s] GC(40) Survivor regions: 1->1(28)
[2024-08-31T22:34:59.931+0200][279.729s] GC(40) Old regions: 95->95
[2024-08-31T22:34:59.931+0200][279.729s] GC(40) Archive regions: 0->0
[2024-08-31T22:34:59.931+0200][279.729s] GC(40) Humongous regions: 437->437
[2024-08-31T22:34:59.931+0200][279.729s] GC(40) Metaspace: 15429K(15680K)->15429K(15680K) NonClass: 13870K(14016K)->13870K(14016K) Class: 1558K(1664K)->1558K(1664K)
[2024-08-31T22:34:59.931+0200][279.729s] GC(40) Pause Young (Concurrent Start) (G1 Humongous Allocation) 713M->531M(918M) 1.241ms
[2024-08-31T22:34:59.931+0200][279.729s] GC(40) User=0.00s Sys=0.00s Real=0.00s
[2024-08-31T22:34:59.931+0200][279.729s] GC(41) Concurrent Mark Cycle
[2024-08-31T22:34:59.931+0200][279.729s] GC(41) Concurrent Clear Claimed Marks
[2024-08-31T22:34:59.931+0200][279.729s] GC(41) Concurrent Clear Claimed Marks 0.017ms
[2024-08-31T22:34:59.931+0200][279.729s] GC(41) Concurrent Scan Root Regions
[2024-08-31T22:34:59.931+0200][279.730s] GC(41) Concurrent Scan Root Regions 0.104ms
[2024-08-31T22:34:59.931+0200][279.730s] GC(41) Concurrent Mark
[2024-08-31T22:34:59.931+0200][279.730s] GC(41) Concurrent Mark From Roots
[2024-08-31T22:34:59.931+0200][279.730s] GC(41) Using 2 workers of 2 for marking
[2024-08-31T22:34:59.935+0200][279.734s] GC(41) Concurrent Mark From Roots 4.822ms
[2024-08-31T22:34:59.935+0200][279.734s] GC(41) Concurrent Preclean
[2024-08-31T22:34:59.935+0200][279.735s] GC(41) Concurrent Preclean 0.075ms
[2024-08-31T22:34:59.935+0200][279.735s] GC(41) Pause Remark
[2024-08-31T22:34:59.940+0200][279.737s] GC(41) Pause Remark 534M->534M(918M) 1.844ms
[2024-08-31T22:34:59.940+0200][279.737s] GC(41) User=0.00s Sys=0.00s Real=0.01s
[2024-08-31T22:34:59.940+0200][279.737s] GC(41) Concurrent Mark 7.287ms
[2024-08-31T22:34:59.940+0200][279.737s] GC(41) Concurrent Rebuild Remembered Sets
[2024-08-31T22:34:59.941+0200][279.739s] GC(41) Concurrent Rebuild Remembered Sets 2.107ms
[2024-08-31T22:34:59.941+0200][279.739s] GC(41) Pause Cleanup
[2024-08-31T22:34:59.941+0200][279.739s] GC(41) Pause Cleanup 534M->534M(918M) 0.125ms
[2024-08-31T22:34:59.941+0200][279.739s] GC(41) User=0.00s Sys=0.00s Real=0.00s
[2024-08-31T22:34:59.941+0200][279.740s] GC(41) Concurrent Cleanup for Next Mark
[2024-08-31T22:34:59.941+0200][279.740s] GC(41) Concurrent Cleanup for Next Mark 0.845ms
[2024-08-31T22:34:59.941+0200][279.740s] GC(41) Concurrent Mark Cycle 11.057ms
[2024-08-31T22:36:43.495+0200][383.295s] GC(42) Pause Young (Prepare Mixed) (G1 Evacuation Pause)
[2024-08-31T22:36:43.495+0200][383.295s] GC(42) Using 8 workers of 8 for evacuation
[2024-08-31T22:36:43.504+0200][383.301s] GC(42)   Pre Evacuate Collection Set: 0.2ms
[2024-08-31T22:36:43.551+0200][383.347s] GC(42)   Merge Heap Roots: 0.1ms
[2024-08-31T22:36:43.551+0200][383.347s] GC(42)   Evacuate Collection Set: 4.5ms
[2024-08-31T22:36:43.551+0200][383.347s] GC(42)   Post Evacuate Collection Set: 0.9ms
[2024-08-31T22:36:43.551+0200][383.347s] GC(42)   Other: 0.3ms
[2024-08-31T22:36:43.551+0200][383.347s] GC(42) Eden regions: 230->0(16)
[2024-08-31T22:36:43.551+0200][383.347s] GC(42) Survivor regions: 1->29(29)
[2024-08-31T22:36:43.551+0200][383.347s] GC(42) Old regions: 95->122
[2024-08-31T22:36:43.551+0200][383.348s] GC(42) Archive regions: 0->0
[2024-08-31T22:36:43.551+0200][383.348s] GC(42) Humongous regions: 467->467
[2024-08-31T22:36:43.551+0200][383.348s] GC(42) Metaspace: 15469K(15680K)->15469K(15680K) NonClass: 13909K(14016K)->13909K(14016K) Class: 1560K(1664K)->1560K(1664K)
[2024-08-31T22:36:43.551+0200][383.348s] GC(42) Pause Young (Prepare Mixed) (G1 Evacuation Pause) 791M->617M(918M) 52.881ms
[2024-08-31T22:36:43.551+0200][383.348s] GC(42) User=0.00s Sys=0.00s Real=0.06s
[2024-08-31T22:36:52.120+0200][391.920s] GC(43) Pause Young (Mixed) (G1 Evacuation Pause)
[2024-08-31T22:36:52.120+0200][391.920s] GC(43) Using 8 workers of 8 for evacuation
[2024-08-31T22:36:52.125+0200][391.923s] GC(43)   Pre Evacuate Collection Set: 0.2ms
[2024-08-31T22:36:52.125+0200][391.923s] GC(43)   Merge Heap Roots: 0.0ms
[2024-08-31T22:36:52.125+0200][391.924s] GC(43)   Evacuate Collection Set: 2.7ms
[2024-08-31T22:36:52.125+0200][391.924s] GC(43)   Post Evacuate Collection Set: 0.3ms
[2024-08-31T22:36:52.125+0200][391.924s] GC(43)   Other: 0.3ms
[2024-08-31T22:36:52.125+0200][391.924s] GC(43) Eden regions: 16->0(139)
[2024-08-31T22:36:52.125+0200][391.924s] GC(43) Survivor regions: 29->6(6)
[2024-08-31T22:36:52.125+0200][391.924s] GC(43) Old regions: 122->153
[2024-08-31T22:36:52.125+0200][391.924s] GC(43) Archive regions: 0->0
[2024-08-31T22:36:52.125+0200][391.924s] GC(43) Humongous regions: 467->467
[2024-08-31T22:36:52.125+0200][391.924s] GC(43) Metaspace: 15469K(15680K)->15469K(15680K) NonClass: 13909K(14016K)->13909K(14016K) Class: 1560K(1664K)->1560K(1664K)
[2024-08-31T22:36:52.125+0200][391.924s] GC(43) Pause Young (Mixed) (G1 Evacuation Pause) 633M->625M(918M) 3.521ms
[2024-08-31T22:36:52.125+0200][391.924s] GC(43) User=0.00s Sys=0.00s Real=0.01s
[2024-08-31T22:38:56.884+0200][516.685s] GC(44) Pause Young (Concurrent Start) (G1 Evacuation Pause)
[2024-08-31T22:38:56.884+0200][516.685s] GC(44) Using 8 workers of 8 for evacuation
[2024-08-31T22:38:56.894+0200][516.692s] GC(44)   Pre Evacuate Collection Set: 0.2ms
[2024-08-31T22:38:56.894+0200][516.692s] GC(44)   Merge Heap Roots: 0.1ms
[2024-08-31T22:38:56.894+0200][516.692s] GC(44)   Evacuate Collection Set: 5.4ms
[2024-08-31T22:38:56.894+0200][516.692s] GC(44)   Post Evacuate Collection Set: 1.0ms
[2024-08-31T22:38:56.894+0200][516.692s] GC(44)   Other: 0.4ms
[2024-08-31T22:38:56.894+0200][516.692s] GC(44) Eden regions: 139->0(96)
[2024-08-31T22:38:56.894+0200][516.692s] GC(44) Survivor regions: 6->19(19)
[2024-08-31T22:38:56.894+0200][516.692s] GC(44) Old regions: 153->187
[2024-08-31T22:38:56.894+0200][516.692s] GC(44) Archive regions: 0->0
[2024-08-31T22:38:56.894+0200][516.692s] GC(44) Humongous regions: 467->467
[2024-08-31T22:38:56.894+0200][516.692s] GC(44) Metaspace: 15469K(15680K)->15469K(15680K) NonClass: 13909K(14016K)->13909K(14016K) Class: 1560K(1664K)->1560K(1664K)
[2024-08-31T22:38:56.894+0200][516.692s] GC(44) Pause Young (Concurrent Start) (G1 Evacuation Pause) 764M->672M(918M) 7.009ms
[2024-08-31T22:38:56.894+0200][516.692s] GC(44) User=0.00s Sys=0.00s Real=0.01s
[2024-08-31T22:38:56.894+0200][516.692s] GC(45) Concurrent Mark Cycle
[2024-08-31T22:38:56.894+0200][516.692s] GC(45) Concurrent Clear Claimed Marks
[2024-08-31T22:38:56.894+0200][516.692s] GC(45) Concurrent Clear Claimed Marks 0.019ms
[2024-08-31T22:38:56.894+0200][516.692s] GC(45) Concurrent Scan Root Regions
[2024-08-31T22:38:56.894+0200][516.693s] GC(45) Concurrent Scan Root Regions 0.633ms
[2024-08-31T22:38:56.894+0200][516.693s] GC(45) Concurrent Mark
[2024-08-31T22:38:56.894+0200][516.693s] GC(45) Concurrent Mark From Roots
[2024-08-31T22:38:56.894+0200][516.693s] GC(45) Using 2 workers of 2 for marking
[2024-08-31T22:38:56.894+0200][516.699s] GC(45) Concurrent Mark From Roots 6.176ms
[2024-08-31T22:38:56.894+0200][516.699s] GC(45) Concurrent Preclean
[2024-08-31T22:38:56.894+0200][516.699s] GC(45) Concurrent Preclean 0.327ms
[2024-08-31T22:38:56.894+0200][516.700s] GC(45) Pause Remark
[2024-08-31T22:38:56.906+0200][516.703s] GC(45) Pause Remark 673M->673M(1124M) 3.565ms
[2024-08-31T22:38:56.906+0200][516.703s] GC(45) User=0.00s Sys=0.00s Real=0.01s
[2024-08-31T22:38:56.906+0200][516.704s] GC(45) Concurrent Mark 11.034ms
[2024-08-31T22:38:56.906+0200][516.704s] GC(45) Concurrent Rebuild Remembered Sets
[2024-08-31T22:38:56.906+0200][516.707s] GC(45) Concurrent Rebuild Remembered Sets 3.484ms
[2024-08-31T22:38:56.906+0200][516.708s] GC(45) Pause Cleanup
[2024-08-31T22:38:56.906+0200][516.708s] GC(45) Pause Cleanup 673M->673M(1124M) 0.260ms
[2024-08-31T22:38:56.906+0200][516.708s] GC(45) User=0.00s Sys=0.00s Real=0.00s
[2024-08-31T22:38:56.906+0200][516.708s] GC(45) Concurrent Cleanup for Next Mark
[2024-08-31T22:38:56.906+0200][516.710s] GC(45) Concurrent Cleanup for Next Mark 1.398ms
[2024-08-31T22:38:56.906+0200][516.710s] GC(45) Concurrent Mark Cycle 17.825ms
[2024-08-31T22:39:19.879+0200][539.679s] GC(46) Pause Young (Prepare Mixed) (G1 Evacuation Pause)
[2024-08-31T22:39:19.879+0200][539.679s] GC(46) Using 8 workers of 8 for evacuation
[2024-08-31T22:39:19.884+0200][539.683s] GC(46)   Pre Evacuate Collection Set: 0.2ms
[2024-08-31T22:39:19.884+0200][539.683s] GC(46)   Merge Heap Roots: 0.1ms
[2024-08-31T22:39:19.884+0200][539.683s] GC(46)   Evacuate Collection Set: 2.9ms
[2024-08-31T22:39:19.884+0200][539.683s] GC(46)   Post Evacuate Collection Set: 0.6ms
[2024-08-31T22:39:19.884+0200][539.683s] GC(46)   Other: 0.3ms
[2024-08-31T22:39:19.884+0200][539.683s] GC(46) Eden regions: 84->0(54)
[2024-08-31T22:39:19.884+0200][539.683s] GC(46) Survivor regions: 19->2(13)
[2024-08-31T22:39:19.884+0200][539.683s] GC(46) Old regions: 187->205
[2024-08-31T22:39:19.884+0200][539.683s] GC(46) Archive regions: 0->0
[2024-08-31T22:39:19.884+0200][539.683s] GC(46) Humongous regions: 600->593
[2024-08-31T22:39:19.884+0200][539.683s] GC(46) Metaspace: 15569K(15808K)->15569K(15808K) NonClass: 14006K(14144K)->14006K(14144K) Class: 1563K(1664K)->1563K(1664K)
[2024-08-31T22:39:19.884+0200][539.683s] GC(46) Pause Young (Prepare Mixed) (G1 Evacuation Pause) 889M->799M(1124M) 4.146ms
[2024-08-31T22:39:19.884+0200][539.683s] GC(46) User=0.02s Sys=0.00s Real=0.01s
[2024-08-31T22:39:20.019+0200][539.816s] GC(47) Pause Young (Mixed) (G1 Evacuation Pause)
[2024-08-31T22:39:20.019+0200][539.816s] GC(47) Using 8 workers of 8 for evacuation
[2024-08-31T22:39:20.019+0200][539.818s] GC(47)   Pre Evacuate Collection Set: 0.2ms
[2024-08-31T22:39:20.019+0200][539.818s] GC(47)   Merge Heap Roots: 0.1ms
[2024-08-31T22:39:20.019+0200][539.818s] GC(47)   Evacuate Collection Set: 1.3ms
[2024-08-31T22:39:20.019+0200][539.818s] GC(47)   Post Evacuate Collection Set: 0.5ms
[2024-08-31T22:39:20.019+0200][539.818s] GC(47)   Other: 0.3ms
[2024-08-31T22:39:20.019+0200][539.818s] GC(47) Eden regions: 54->0(146)
[2024-08-31T22:39:20.019+0200][539.818s] GC(47) Survivor regions: 2->2(7)
[2024-08-31T22:39:20.019+0200][539.818s] GC(47) Old regions: 205->204
[2024-08-31T22:39:20.019+0200][539.818s] GC(47) Archive regions: 0->0
[2024-08-31T22:39:20.019+0200][539.818s] GC(47) Humongous regions: 593->587
[2024-08-31T22:39:20.019+0200][539.818s] GC(47) Metaspace: 15569K(15808K)->15569K(15808K) NonClass: 14006K(14144K)->14006K(14144K) Class: 1563K(1664K)->1563K(1664K)
[2024-08-31T22:39:20.019+0200][539.818s] GC(47) Pause Young (Mixed) (G1 Evacuation Pause) 853M->792M(1124M) 2.358ms
[2024-08-31T22:39:20.019+0200][539.818s] GC(47) User=0.00s Sys=0.00s Real=0.00s
[2024-08-31T22:39:20.329+0200][540.127s] GC(48) Pause Young (Concurrent Start) (G1 Evacuation Pause)
[2024-08-31T22:39:20.329+0200][540.127s] GC(48) Using 8 workers of 8 for evacuation
[2024-08-31T22:39:20.331+0200][540.129s] GC(48)   Pre Evacuate Collection Set: 0.2ms
[2024-08-31T22:39:20.331+0200][540.129s] GC(48)   Merge Heap Roots: 0.1ms
[2024-08-31T22:39:20.331+0200][540.129s] GC(48)   Evacuate Collection Set: 1.2ms
[2024-08-31T22:39:20.331+0200][540.129s] GC(48)   Post Evacuate Collection Set: 0.3ms
[2024-08-31T22:39:20.331+0200][540.129s] GC(48)   Other: 0.4ms
[2024-08-31T22:39:20.331+0200][540.129s] GC(48) Eden regions: 146->0(156)
[2024-08-31T22:39:20.331+0200][540.129s] GC(48) Survivor regions: 2->2(19)
[2024-08-31T22:39:20.331+0200][540.129s] GC(48) Old regions: 204->204
[2024-08-31T22:39:20.331+0200][540.129s] GC(48) Archive regions: 0->0
[2024-08-31T22:39:20.331+0200][540.129s] GC(48) Humongous regions: 587->587
[2024-08-31T22:39:20.331+0200][540.129s] GC(48) Metaspace: 15569K(15808K)->15569K(15808K) NonClass: 14006K(14144K)->14006K(14144K) Class: 1563K(1664K)->1563K(1664K)
[2024-08-31T22:39:20.331+0200][540.129s] GC(48) Pause Young (Concurrent Start) (G1 Evacuation Pause) 938M->792M(1124M) 2.112ms
[2024-08-31T22:39:20.331+0200][540.129s] GC(48) User=0.00s Sys=0.00s Real=0.00s
[2024-08-31T22:39:20.331+0200][540.129s] GC(49) Concurrent Mark Cycle
[2024-08-31T22:39:20.331+0200][540.129s] GC(49) Concurrent Clear Claimed Marks
[2024-08-31T22:39:20.331+0200][540.129s] GC(49) Concurrent Clear Claimed Marks 0.012ms
[2024-08-31T22:39:20.331+0200][540.129s] GC(49) Concurrent Scan Root Regions
[2024-08-31T22:39:20.331+0200][540.129s] GC(49) Concurrent Scan Root Regions 0.139ms
[2024-08-31T22:39:20.331+0200][540.129s] GC(49) Concurrent Mark
[2024-08-31T22:39:20.331+0200][540.129s] GC(49) Concurrent Mark From Roots
[2024-08-31T22:39:20.331+0200][540.129s] GC(49) Using 2 workers of 2 for marking
[2024-08-31T22:39:20.334+0200][540.135s] GC(49) Concurrent Mark From Roots 5.737ms
[2024-08-31T22:39:20.334+0200][540.135s] GC(49) Concurrent Preclean
[2024-08-31T22:39:20.334+0200][540.135s] GC(49) Concurrent Preclean 0.248ms
[2024-08-31T22:39:20.334+0200][540.136s] GC(49) Pause Remark
[2024-08-31T22:39:20.334+0200][540.138s] GC(49) Pause Remark 795M->508M(1124M) 2.060ms
[2024-08-31T22:39:20.334+0200][540.138s] GC(49) User=0.00s Sys=0.00s Real=0.00s
[2024-08-31T22:39:20.334+0200][540.138s] GC(49) Concurrent Mark 8.642ms
[2024-08-31T22:39:20.334+0200][540.138s] GC(49) Concurrent Rebuild Remembered Sets
[2024-08-31T22:39:20.344+0200][540.141s] GC(49) Concurrent Rebuild Remembered Sets 3.129ms
[2024-08-31T22:39:20.344+0200][540.141s] GC(49) Pause Cleanup
[2024-08-31T22:39:20.344+0200][540.142s] GC(49) Pause Cleanup 510M->510M(1124M) 0.174ms
[2024-08-31T22:39:20.344+0200][540.142s] GC(49) User=0.00s Sys=0.00s Real=0.00s
[2024-08-31T22:39:20.344+0200][540.142s] GC(49) Concurrent Cleanup for Next Mark
[2024-08-31T22:39:20.347+0200][540.143s] GC(49) Concurrent Cleanup for Next Mark 1.317ms
[2024-08-31T22:39:20.347+0200][540.143s] GC(49) Concurrent Mark Cycle 14.234ms
[2024-08-31T22:39:20.684+0200][540.489s] GC(50) Pause Young (Prepare Mixed) (G1 Evacuation Pause)
[2024-08-31T22:39:20.684+0200][540.489s] GC(50) Using 8 workers of 8 for evacuation
[2024-08-31T22:39:20.695+0200][540.491s] GC(50)   Pre Evacuate Collection Set: 0.2ms
[2024-08-31T22:39:20.695+0200][540.491s] GC(50)   Merge Heap Roots: 0.2ms
[2024-08-31T22:39:20.695+0200][540.491s] GC(50)   Evacuate Collection Set: 1.5ms
[2024-08-31T22:39:20.695+0200][540.491s] GC(50)   Post Evacuate Collection Set: 0.5ms
[2024-08-31T22:39:20.695+0200][540.491s] GC(50)   Other: 0.4ms
[2024-08-31T22:39:20.695+0200][540.491s] GC(50) Eden regions: 156->0(54)
[2024-08-31T22:39:20.695+0200][540.491s] GC(50) Survivor regions: 2->2(20)
[2024-08-31T22:39:20.695+0200][540.491s] GC(50) Old regions: 204->204
[2024-08-31T22:39:20.695+0200][540.491s] GC(50) Archive regions: 0->0
[2024-08-31T22:39:20.695+0200][540.491s] GC(50) Humongous regions: 506->506
[2024-08-31T22:39:20.695+0200][540.492s] GC(50) Metaspace: 15571K(15808K)->15571K(15808K) NonClass: 14008K(14144K)->14008K(14144K) Class: 1563K(1664K)->1563K(1664K)
[2024-08-31T22:39:20.695+0200][540.492s] GC(50) Pause Young (Prepare Mixed) (G1 Evacuation Pause) 867M->711M(1124M) 2.842ms
[2024-08-31T22:39:20.695+0200][540.492s] GC(50) User=0.00s Sys=0.00s Real=0.01s
[2024-08-31T22:39:20.814+0200][540.610s] GC(51) Pause Young (Mixed) (G1 Evacuation Pause)
[2024-08-31T22:39:20.814+0200][540.610s] GC(51) Using 8 workers of 8 for evacuation
[2024-08-31T22:39:20.814+0200][540.613s] GC(51)   Pre Evacuate Collection Set: 0.3ms
[2024-08-31T22:39:20.814+0200][540.613s] GC(51)   Merge Heap Roots: 0.1ms
[2024-08-31T22:39:20.814+0200][540.613s] GC(51)   Evacuate Collection Set: 1.1ms
[2024-08-31T22:39:20.814+0200][540.613s] GC(51)   Post Evacuate Collection Set: 0.5ms
[2024-08-31T22:39:20.814+0200][540.613s] GC(51)   Other: 0.3ms
[2024-08-31T22:39:20.814+0200][540.613s] GC(51) Eden regions: 54->0(230)
[2024-08-31T22:39:20.814+0200][540.613s] GC(51) Survivor regions: 2->2(7)
[2024-08-31T22:39:20.814+0200][540.613s] GC(51) Old regions: 204->204
[2024-08-31T22:39:20.814+0200][540.613s] GC(51) Archive regions: 0->0
[2024-08-31T22:39:20.814+0200][540.613s] GC(51) Humongous regions: 506->506
[2024-08-31T22:39:20.814+0200][540.613s] GC(51) Metaspace: 15571K(15808K)->15571K(15808K) NonClass: 14008K(14144K)->14008K(14144K) Class: 1563K(1664K)->1563K(1664K)
[2024-08-31T22:39:20.814+0200][540.613s] GC(51) Pause Young (Mixed) (G1 Evacuation Pause) 765M->711M(1124M) 2.301ms
[2024-08-31T22:39:20.814+0200][540.613s] GC(51) User=0.00s Sys=0.00s Real=0.00s
[2024-08-31T22:39:24.044+0200][543.845s] GC(52) Pause Young (Concurrent Start) (G1 Humongous Allocation)
[2024-08-31T22:39:24.044+0200][543.845s] GC(52) Using 8 workers of 8 for evacuation
[2024-08-31T22:39:24.044+0200][543.848s] GC(52)   Pre Evacuate Collection Set: 0.3ms
[2024-08-31T22:39:24.044+0200][543.848s] GC(52)   Merge Heap Roots: 0.1ms
[2024-08-31T22:39:24.044+0200][543.848s] GC(52)   Evacuate Collection Set: 1.9ms
[2024-08-31T22:39:24.044+0200][543.848s] GC(52)   Post Evacuate Collection Set: 0.6ms
[2024-08-31T22:39:24.044+0200][543.848s] GC(52)   Other: 0.4ms
[2024-08-31T22:39:24.044+0200][543.848s] GC(52) Eden regions: 173->0(243)
[2024-08-31T22:39:24.044+0200][543.848s] GC(52) Survivor regions: 2->2(29)
[2024-08-31T22:39:24.044+0200][543.848s] GC(52) Old regions: 204->204
[2024-08-31T22:39:24.044+0200][543.848s] GC(52) Archive regions: 0->0
[2024-08-31T22:39:24.044+0200][543.848s] GC(52) Humongous regions: 506->506
[2024-08-31T22:39:24.044+0200][543.848s] GC(52) Metaspace: 15571K(15808K)->15571K(15808K) NonClass: 14008K(14144K)->14008K(14144K) Class: 1563K(1664K)->1563K(1664K)
[2024-08-31T22:39:24.044+0200][543.848s] GC(52) Pause Young (Concurrent Start) (G1 Humongous Allocation) 884M->711M(1124M) 3.210ms
[2024-08-31T22:39:24.044+0200][543.848s] GC(52) User=0.00s Sys=0.00s Real=0.00s
[2024-08-31T22:39:24.044+0200][543.848s] GC(53) Concurrent Mark Cycle
[2024-08-31T22:39:24.044+0200][543.848s] GC(53) Concurrent Clear Claimed Marks
[2024-08-31T22:39:24.044+0200][543.848s] GC(53) Concurrent Clear Claimed Marks 0.025ms
[2024-08-31T22:39:24.052+0200][543.848s] GC(53) Concurrent Scan Root Regions
[2024-08-31T22:39:24.052+0200][543.849s] GC(53) Concurrent Scan Root Regions 0.219ms
[2024-08-31T22:39:24.052+0200][543.849s] GC(53) Concurrent Mark
[2024-08-31T22:39:24.052+0200][543.849s] GC(53) Concurrent Mark From Roots
[2024-08-31T22:39:24.052+0200][543.849s] GC(53) Using 2 workers of 2 for marking
[2024-08-31T22:39:24.054+0200][543.855s] GC(53) Concurrent Mark From Roots 5.998ms
[2024-08-31T22:39:24.054+0200][543.855s] GC(53) Concurrent Preclean
[2024-08-31T22:39:24.054+0200][543.855s] GC(53) Concurrent Preclean 0.073ms
[2024-08-31T22:39:24.054+0200][543.855s] GC(53) Pause Remark
[2024-08-31T22:39:24.054+0200][543.857s] GC(53) Pause Remark 714M->714M(1192M) 2.241ms
[2024-08-31T22:39:24.054+0200][543.858s] GC(53) User=0.00s Sys=0.00s Real=0.00s
[2024-08-31T22:39:24.054+0200][543.858s] GC(53) Concurrent Mark 9.226ms
[2024-08-31T22:39:24.054+0200][543.858s] GC(53) Concurrent Rebuild Remembered Sets
[2024-08-31T22:39:24.064+0200][543.860s] GC(53) Concurrent Rebuild Remembered Sets 2.593ms
[2024-08-31T22:39:24.064+0200][543.861s] GC(53) Pause Cleanup
[2024-08-31T22:39:24.064+0200][543.861s] GC(53) Pause Cleanup 714M->714M(1192M) 0.418ms
[2024-08-31T22:39:24.064+0200][543.861s] GC(53) User=0.00s Sys=0.00s Real=0.00s
[2024-08-31T22:39:24.064+0200][543.861s] GC(53) Concurrent Cleanup for Next Mark
[2024-08-31T22:39:24.064+0200][543.862s] GC(53) Concurrent Cleanup for Next Mark 0.647ms
[2024-08-31T22:39:24.064+0200][543.862s] GC(53) Concurrent Mark Cycle 13.933ms
[2024-08-31T22:40:59.779+0200][639.579s] GC(54) Pause Young (Prepare Mixed) (G1 Evacuation Pause)
[2024-08-31T22:40:59.779+0200][639.579s] GC(54) Using 8 workers of 8 for evacuation
[2024-08-31T22:40:59.794+0200][639.590s] GC(54)   Pre Evacuate Collection Set: 0.3ms
[2024-08-31T22:40:59.840+0200][639.637s] GC(54)   Merge Heap Roots: 0.1ms
[2024-08-31T22:40:59.840+0200][639.637s] GC(54)   Evacuate Collection Set: 9.8ms
[2024-08-31T22:40:59.840+0200][639.637s] GC(54)   Post Evacuate Collection Set: 1.0ms
[2024-08-31T22:40:59.840+0200][639.637s] GC(54)   Other: 0.4ms
[2024-08-31T22:40:59.840+0200][639.637s] GC(54) Eden regions: 237->0(29)
[2024-08-31T22:40:59.840+0200][639.637s] GC(54) Survivor regions: 2->30(30)
[2024-08-31T22:40:59.840+0200][639.637s] GC(54) Old regions: 204->241
[2024-08-31T22:40:59.840+0200][639.637s] GC(54) Archive regions: 0->0
[2024-08-31T22:40:59.840+0200][639.637s] GC(54) Humongous regions: 528->528
[2024-08-31T22:40:59.840+0200][639.637s] GC(54) Metaspace: 15589K(15808K)->15589K(15808K) NonClass: 14025K(14144K)->14025K(14144K) Class: 1563K(1664K)->1563K(1664K)
[2024-08-31T22:40:59.840+0200][639.637s] GC(54) Pause Young (Prepare Mixed) (G1 Evacuation Pause) 970M->798M(1192M) 57.918ms
[2024-08-31T22:40:59.840+0200][639.637s] GC(54) User=0.02s Sys=0.00s Real=0.06s
[2024-08-31T22:41:24.049+0200][663.846s] GC(55) Pause Young (Mixed) (G1 Evacuation Pause)
[2024-08-31T22:41:24.049+0200][663.846s] GC(55) Using 8 workers of 8 for evacuation
[2024-08-31T22:41:24.054+0200][663.852s] GC(55)   Pre Evacuate Collection Set: 0.3ms
[2024-08-31T22:41:24.054+0200][663.852s] GC(55)   Merge Heap Roots: 0.2ms
[2024-08-31T22:41:24.054+0200][663.852s] GC(55)   Evacuate Collection Set: 4.4ms
[2024-08-31T22:41:24.054+0200][663.852s] GC(55)   Post Evacuate Collection Set: 0.7ms
[2024-08-31T22:41:24.054+0200][663.852s] GC(55)   Other: 0.5ms
[2024-08-31T22:41:24.054+0200][663.852s] GC(55) Eden regions: 29->0(184)
[2024-08-31T22:41:24.054+0200][663.852s] GC(55) Survivor regions: 30->8(8)
[2024-08-31T22:41:24.054+0200][663.852s] GC(55) Old regions: 241->271
[2024-08-31T22:41:24.054+0200][663.852s] GC(55) Archive regions: 0->0
[2024-08-31T22:41:24.054+0200][663.852s] GC(55) Humongous regions: 528->528
[2024-08-31T22:41:24.054+0200][663.852s] GC(55) Metaspace: 15596K(15808K)->15596K(15808K) NonClass: 14032K(14144K)->14032K(14144K) Class: 1564K(1664K)->1564K(1664K)
[2024-08-31T22:41:24.054+0200][663.852s] GC(55) Pause Young (Mixed) (G1 Evacuation Pause) 827M->806M(1192M) 6.016ms
[2024-08-31T22:41:24.054+0200][663.852s] GC(55) User=0.00s Sys=0.00s Real=0.00s
[2024-08-31T22:42:59.034+0200][758.837s] GC(56) Pause Young (Concurrent Start) (G1 Humongous Allocation)
[2024-08-31T22:42:59.034+0200][758.837s] GC(56) Using 8 workers of 8 for evacuation
[2024-08-31T22:42:59.050+0200][758.848s] GC(56)   Pre Evacuate Collection Set: 0.5ms
[2024-08-31T22:42:59.050+0200][758.848s] GC(56)   Merge Heap Roots: 0.1ms
[2024-08-31T22:42:59.050+0200][758.848s] GC(56)   Evacuate Collection Set: 8.7ms
[2024-08-31T22:42:59.050+0200][758.848s] GC(56)   Post Evacuate Collection Set: 0.9ms
[2024-08-31T22:42:59.050+0200][758.848s] GC(56)   Other: 0.8ms
[2024-08-31T22:42:59.050+0200][758.848s] GC(56) Eden regions: 126->0(128)
[2024-08-31T22:42:59.050+0200][758.848s] GC(56) Survivor regions: 8->24(24)
[2024-08-31T22:42:59.050+0200][758.848s] GC(56) Old regions: 271->307
[2024-08-31T22:42:59.050+0200][758.848s] GC(56) Archive regions: 0->0
[2024-08-31T22:42:59.050+0200][758.848s] GC(56) Humongous regions: 528->528
[2024-08-31T22:42:59.050+0200][758.848s] GC(56) Metaspace: 15628K(15872K)->15628K(15872K) NonClass: 14061K(14208K)->14061K(14208K) Class: 1566K(1664K)->1566K(1664K)
[2024-08-31T22:42:59.050+0200][758.848s] GC(56) Pause Young (Concurrent Start) (G1 Humongous Allocation) 932M->858M(1192M) 10.853ms
[2024-08-31T22:42:59.050+0200][758.848s] GC(56) User=0.02s Sys=0.00s Real=0.02s
[2024-08-31T22:42:59.050+0200][758.848s] GC(57) Concurrent Mark Cycle
[2024-08-31T22:42:59.050+0200][758.848s] GC(57) Concurrent Clear Claimed Marks
[2024-08-31T22:42:59.050+0200][758.848s] GC(57) Concurrent Clear Claimed Marks 0.017ms
[2024-08-31T22:42:59.050+0200][758.848s] GC(57) Concurrent Scan Root Regions
[2024-08-31T22:42:59.050+0200][758.849s] GC(57) Concurrent Scan Root Regions 0.604ms
[2024-08-31T22:42:59.050+0200][758.849s] GC(57) Concurrent Mark
[2024-08-31T22:42:59.050+0200][758.849s] GC(57) Concurrent Mark From Roots
[2024-08-31T22:42:59.050+0200][758.849s] GC(57) Using 2 workers of 2 for marking
[2024-08-31T22:42:59.058+0200][758.856s] GC(57) Concurrent Mark From Roots 6.904ms
[2024-08-31T22:42:59.058+0200][758.856s] GC(57) Concurrent Preclean
[2024-08-31T22:42:59.058+0200][758.856s] GC(57) Concurrent Preclean 0.201ms
[2024-08-31T22:42:59.058+0200][758.857s] GC(57) Pause Remark
[2024-08-31T22:42:59.064+0200][758.860s] GC(57) Pause Remark 861M->861M(1437M) 3.500ms
[2024-08-31T22:42:59.064+0200][758.860s] GC(57) User=0.00s Sys=0.00s Real=0.01s
[2024-08-31T22:42:59.064+0200][758.861s] GC(57) Concurrent Mark 11.493ms
[2024-08-31T22:42:59.064+0200][758.861s] GC(57) Concurrent Rebuild Remembered Sets
[2024-08-31T22:42:59.066+0200][758.864s] GC(57) Concurrent Rebuild Remembered Sets 3.602ms
[2024-08-31T22:42:59.066+0200][758.865s] GC(57) Pause Cleanup
[2024-08-31T22:42:59.066+0200][758.865s] GC(57) Pause Cleanup 861M->861M(1437M) 0.268ms
[2024-08-31T22:42:59.066+0200][758.865s] GC(57) User=0.00s Sys=0.00s Real=0.00s
[2024-08-31T22:42:59.066+0200][758.866s] GC(57) Concurrent Cleanup for Next Mark
[2024-08-31T22:42:59.066+0200][758.868s] GC(57) Concurrent Cleanup for Next Mark 1.963ms
[2024-08-31T22:42:59.066+0200][758.868s] GC(57) Concurrent Mark Cycle 19.555ms
[2024-08-31T22:43:08.078+0200][767.874s] Heap
[2024-08-31T22:43:08.078+0200][767.874s]  garbage-first heap   total 1471488K, used 884464K [0x0000000083200000, 0x0000000100000000)
[2024-08-31T22:43:08.078+0200][767.874s]   region size 1024K, 29 young (29696K), 24 survivors (24576K)
[2024-08-31T22:43:08.078+0200][767.874s]  Metaspace       used 15828K, committed 16000K, reserved 1064960K
[2024-08-31T22:43:08.078+0200][767.874s]   class space    used 1590K, committed 1664K, reserved 1048576K
